Component: ARM Compiler 5.06 update 6 (build 750) Tool: armlink [4d35ed]

==============================================================================

Section Cross References

    startup_stm32f429xx.o(RESET) refers to startup_stm32f429xx.o(STACK) for __initial_sp
    startup_stm32f429xx.o(RESET) refers to startup_stm32f429xx.o(.text) for Reset_Handler
    startup_stm32f429xx.o(RESET) refers to stm32f4xx_it.o(i.NMI_Handler) for NMI_Handler
    startup_stm32f429xx.o(RESET) refers to stm32f4xx_it.o(i.HardFault_Handler) for HardFault_Handler
    startup_stm32f429xx.o(RESET) refers to stm32f4xx_it.o(i.MemManage_Handler) for MemManage_Handler
    startup_stm32f429xx.o(RESET) refers to stm32f4xx_it.o(i.BusFault_Handler) for BusFault_Handler
    startup_stm32f429xx.o(RESET) refers to stm32f4xx_it.o(i.UsageFault_Handler) for UsageFault_Handler
    startup_stm32f429xx.o(RESET) refers to port.o(.emb_text) for SVC_Handler
    startup_stm32f429xx.o(RESET) refers to stm32f4xx_it.o(i.DebugMon_Handler) for DebugMon_Handler
    startup_stm32f429xx.o(RESET) refers to cmsis_os2.o(i.SysTick_Handler) for SysTick_Handler
    startup_stm32f429xx.o(RESET) refers to stm32f4xx_it.o(i.TIM6_DAC_IRQHandler) for TIM6_DAC_IRQHandler
    startup_stm32f429xx.o(RESET) refers to stm32f4xx_it.o(i.OTG_HS_IRQHandler) for OTG_HS_IRQHandler
    startup_stm32f429xx.o(RESET) refers to stm32f4xx_it.o(i.LTDC_IRQHandler) for LTDC_IRQHandler
    startup_stm32f429xx.o(RESET) refers to stm32f4xx_it.o(i.DMA2D_IRQHandler) for DMA2D_IRQHandler
    startup_stm32f429xx.o(.text) refers to system_stm32f4xx.o(i.SystemInit) for SystemInit
    startup_stm32f429xx.o(.text) refers to entry.o(.ARM.Collect$$$$00000000) for __main
    main.o(i.HAL_TIM_PeriodElapsedCallback) refers to stm32f4xx_hal.o(i.HAL_IncTick) for HAL_IncTick
    main.o(i.MX_DMA2D_Init) refers to stm32f4xx_hal_dma2d.o(i.HAL_DMA2D_Init) for HAL_DMA2D_Init
    main.o(i.MX_DMA2D_Init) refers to stm32f4xx_hal_dma2d.o(i.HAL_DMA2D_ConfigLayer) for HAL_DMA2D_ConfigLayer
    main.o(i.MX_DMA2D_Init) refers to main.o(.bss) for .bss
    main.o(i.MX_FMC_Init) refers to memseta.o(.text) for __aeabi_memclr4
    main.o(i.MX_FMC_Init) refers to stm32f4xx_hal_sdram.o(i.HAL_SDRAM_Init) for HAL_SDRAM_Init
    main.o(i.MX_FMC_Init) refers to main.o(.bss) for .bss
    main.o(i.MX_GPIO_Init) refers to memseta.o(.text) for __aeabi_memclr4
    main.o(i.MX_GPIO_Init) refers to stm32f4xx_hal_gpio.o(i.HAL_GPIO_WritePin) for HAL_GPIO_WritePin
    main.o(i.MX_GPIO_Init) refers to stm32f4xx_hal_gpio.o(i.HAL_GPIO_Init) for HAL_GPIO_Init
    main.o(i.MX_I2C3_Init) refers to stm32f4xx_hal_i2c.o(i.HAL_I2C_Init) for HAL_I2C_Init
    main.o(i.MX_I2C3_Init) refers to stm32f4xx_hal_i2c_ex.o(i.HAL_I2CEx_ConfigAnalogFilter) for HAL_I2CEx_ConfigAnalogFilter
    main.o(i.MX_I2C3_Init) refers to stm32f4xx_hal_i2c_ex.o(i.HAL_I2CEx_ConfigDigitalFilter) for HAL_I2CEx_ConfigDigitalFilter
    main.o(i.MX_I2C3_Init) refers to main.o(.bss) for .bss
    main.o(i.MX_LTDC_Init) refers to memseta.o(.text) for __aeabi_memclr4
    main.o(i.MX_LTDC_Init) refers to stm32f4xx_hal_ltdc.o(i.HAL_LTDC_Init) for HAL_LTDC_Init
    main.o(i.MX_LTDC_Init) refers to stm32f4xx_hal_ltdc.o(i.HAL_LTDC_ConfigLayer) for HAL_LTDC_ConfigLayer
    main.o(i.MX_LTDC_Init) refers to main.o(.bss) for .bss
    main.o(i.MX_SPI5_Init) refers to stm32f4xx_hal_spi.o(i.HAL_SPI_Init) for HAL_SPI_Init
    main.o(i.MX_SPI5_Init) refers to main.o(.bss) for .bss
    main.o(i.MX_TIM1_Init) refers to stm32f4xx_hal_tim.o(i.HAL_TIM_Base_Init) for HAL_TIM_Base_Init
    main.o(i.MX_TIM1_Init) refers to stm32f4xx_hal_tim.o(i.HAL_TIM_ConfigClockSource) for HAL_TIM_ConfigClockSource
    main.o(i.MX_TIM1_Init) refers to stm32f4xx_hal_tim_ex.o(i.HAL_TIMEx_MasterConfigSynchronization) for HAL_TIMEx_MasterConfigSynchronization
    main.o(i.MX_TIM1_Init) refers to main.o(.bss) for .bss
    main.o(i.StartDefaultTask) refers to usb_host.o(i.MX_USB_HOST_Init) for MX_USB_HOST_Init
    main.o(i.StartDefaultTask) refers to stm32f429i_discovery.o(i.BSP_LED_Toggle) for BSP_LED_Toggle
    main.o(i.StartDefaultTask) refers to cmsis_os2.o(i.osDelay) for osDelay
    main.o(i.SystemClock_Config) refers to memseta.o(.text) for __aeabi_memclr4
    main.o(i.SystemClock_Config) refers to stm32f4xx_hal_rcc.o(i.HAL_RCC_OscConfig) for HAL_RCC_OscConfig
    main.o(i.SystemClock_Config) refers to stm32f4xx_hal_rcc.o(i.HAL_RCC_ClockConfig) for HAL_RCC_ClockConfig
    main.o(i.SystemClock_Config) refers to stm32f4xx_hal_rcc_ex.o(i.HAL_RCCEx_PeriphCLKConfig) for HAL_RCCEx_PeriphCLKConfig
    main.o(i.main) refers to stm32f4xx_hal.o(i.HAL_Init) for HAL_Init
    main.o(i.main) refers to main.o(i.SystemClock_Config) for SystemClock_Config
    main.o(i.main) refers to main.o(i.MX_GPIO_Init) for MX_GPIO_Init
    main.o(i.main) refers to stm32f4xx_hal_crc.o(i.HAL_CRC_Init) for HAL_CRC_Init
    main.o(i.main) refers to main.o(i.MX_DMA2D_Init) for MX_DMA2D_Init
    main.o(i.main) refers to main.o(i.MX_FMC_Init) for MX_FMC_Init
[...]
    FMC_DeInitialized                        0x20000018   Data           4  stm32f4xx_hal_msp.o(.data)
    .data                                    0x2000001c   Section       12  stm32f4xx_hal.o(.data)
    .data                                    0x20000028   Section        4  system_stm32f4xx.o(.data)
    .data                                    0x2000002c   Section       60  tasks.o(.data)
    uxDeletedTasksWaitingCleanUp             0x20000030   Data           4  tasks.o(.data)
    uxCurrentNumberOfTasks                   0x20000034   Data           4  tasks.o(.data)
    xTickCount                               0x20000038   Data           4  tasks.o(.data)
    uxTopReadyPriority                       0x2000003c   Data           4  tasks.o(.data)
    xSchedulerRunning                        0x20000040   Data           4  tasks.o(.data)
    xPendedTicks                             0x20000044   Data           4  tasks.o(.data)
    xYieldPending                            0x20000048   Data           4  tasks.o(.data)
    xNumOfOverflows                          0x2000004c   Data           4  tasks.o(.data)
    uxTaskNumber                             0x20000050   Data           4  tasks.o(.data)
    xNextTaskUnblockTime                     0x20000054   Data           4  tasks.o(.data)
    xIdleTaskHandle                          0x20000058   Data           4  tasks.o(.data)
    uxSchedulerSuspended                     0x2000005c   Data           4  tasks.o(.data)
    pxDelayedTaskList                        0x20000060   Data           4  tasks.o(.data)
    pxOverflowDelayedTaskList                0x20000064   Data           4  tasks.o(.data)
    .data                                    0x20000068   Section       20  timers.o(.data)
    xTimerQueue                              0x20000068   Data           4  timers.o(.data)
    xTimerTaskHandle                         0x2000006c   Data           4  timers.o(.data)
    xLastTime                                0x20000070   Data           4  timers.o(.data)
    pxCurrentTimerList                       0x20000074   Data           4  timers.o(.data)
    pxOverflowTimerList                      0x20000078   Data           4  timers.o(.data)
    .data                                    0x2000007c   Section        4  cmsis_os2.o(.data)
    KernelState                              0x2000007c   Data           4  cmsis_os2.o(.data)
    .data                                    0x20000080   Section       32  heap_4.o(.data)
    pxEnd                                    0x20000080   Data           4  heap_4.o(.data)
    xFreeBytesRemaining                      0x20000084   Data           4  heap_4.o(.data)
    xMinimumEverFreeBytesRemaining           0x20000088   Data           4  heap_4.o(.data)
    xNumberOfSuccessfulAllocations           0x2000008c   Data           4  heap_4.o(.data)
    xNumberOfSuccessfulFrees                 0x20000090   Data           4  heap_4.o(.data)
    xBlockAllocatedBit                       0x20000094   Data           4  heap_4.o(.data)
    xStart                                   0x20000098   Data           8  heap_4.o(.data)
    .data                                    0x200000a0   Section       12  port.o(.data)
    ucMaxSysCallPriority                     0x200000a0   Data           1  port.o(.data)
    uxCriticalNesting                        0x200000a4   Data           4  port.o(.data)
    ulMaxPRIGROUPValue                       0x200000a8   Data           4  port.o(.data)
    .data                                    0x200000ac   Section       32  usbh_cdc.o(.data)
    .data                                    0x200000cc   Section       24  stm32f429i_discovery.o(.data)
    Is_LCD_IO_Initialized                    0x200000cc   Data           1  stm32f429i_discovery.o(.data)
    .data                                    0x200000e4   Section        4  mvars.o(.data)
    .data                                    0x200000e8   Section        4  mvars.o(.data)
    .bss                                     0x200000ec   Section      596  main.o(.bss)
    .bss                                     0x20000340   Section      996  usb_host.o(.bss)
    .bss                                     0x20000724   Section      772  usbh_conf.o(.bss)
    .bss                                     0x20000a28   Section       72  stm32f4xx_hal_timebase_tim.o(.bss)
    .bss                                     0x20000a70   Section       64  queue.o(.bss)
    .bss                                     0x20000ab0   Section     1220  tasks.o(.bss)
    pxReadyTasksLists                        0x20000ab0   Data        1120  tasks.o(.bss)
    xDelayedTaskList1                        0x20000f10   Data          20  tasks.o(.bss)
    xDelayedTaskList2                        0x20000f24   Data          20  tasks.o(.bss)
    xPendingReadyList                        0x20000f38   Data          20  tasks.o(.bss)
    xTasksWaitingTermination                 0x20000f4c   Data          20  tasks.o(.bss)
    xSuspendedTaskList                       0x20000f60   Data          20  tasks.o(.bss)
    .bss                                     0x20000f74   Section      280  timers.o(.bss)
    xStaticTimerQueue                        0x20000f74   Data          80  timers.o(.bss)
    ucStaticTimerQueueStorage                0x20000fc4   Data         160  timers.o(.bss)
    xActiveTimerList1                        0x20001064   Data          20  timers.o(.bss)
    xActiveTimerList2                        0x20001078   Data          20  timers.o(.bss)
    .bss                                     0x2000108c   Section     1728  cmsis_os2.o(.bss)
    Idle_TCB                                 0x2000108c   Data          96  cmsis_os2.o(.bss)
    Idle_Stack                               0x200010ec   Data         512  cmsis_os2.o(.bss)
    Timer_TCB                                0x200012ec   Data          96  cmsis_os2.o(.bss)
    Timer_Stack                              0x2000134c   Data        1024  cmsis_os2.o(.bss)
    .bss                                     0x2000174c   Section    32768  heap_4.o(.bss)
    ucHeap                                   0x2000174c   Data       32768  heap_4.o(.bss)
    .bss                                     0x2000974c   Section       36  usbh_core.o(.bss)
    HEAP                                     0x20009770   Section      512  startup_stm32f429xx.o(HEAP)
    STACK                                    0x20009970   Section     1024  startup_stm32f429xx.o(STACK)

    Global Symbols

    Symbol Name                              Value     Ov Type        Size  Object(Section)

    BuildAttributes$$THM_ISAv4$E$P$D$K$B$S$7EM$VFPi3$EXTD16$VFPS$VFMA$PE$A:L22UL41UL21$X:L11$S22US41US21$IEEE1$IW$USESV6$~STKCKD$USESV7$~SHL$OSPACE$EBA8$MICROLIB$REQ8$PRES8$EABIv2 0x00000000   Number         0  anon$$obj.o ABSOLUTE
    __ARM_use_no_argv                        0x00000000   Number         0  main.o ABSOLUTE
    __cpp_initialize__aeabi_                  - Undefined Weak Reference
    __cxa_finalize                            - Undefined Weak Reference
    __decompress                              - Undefined Weak Reference
    _clock_init                               - Undefined Weak Reference
    _microlib_exit                            - Undefined Weak Reference
    __Vectors_Size                           0x000001ac   Number         0  startup_stm32f429xx.o ABSOLUTE
    __Vectors                                0x08000000   Data           4  startup_stm32f429xx.o(RESET)
    __Vectors_End                            0x080001ac   Data           0  startup_stm32f429xx.o(RESET)
    __main                                   0x080001ad   Thumb Code     0  entry.o(.ARM.Collect$$$$00000000)
    _main_stk                                0x080001ad   Thumb Code     0  entry2.o(.ARM.Collect$$$$00000001)
    _main_scatterload                        0x080001b1   Thumb Code     0  entry5.o(.ARM.Collect$$$$00000004)
    __main_after_scatterload                 0x080001b5   Thumb Code     0  entry5.o(.ARM.Collect$$$$00000004)
    _main_clock                              0x080001b5   Thumb Code     0  entry7b.o(.ARM.Collect$$$$00000008)
    _main_cpp_init                           0x080001b5   Thumb Code     0  entry8b.o(.ARM.Collect$$$$0000000A)
    _main_init                               0x080001b5   Thumb Code     0  entry9a.o(.ARM.Collect$$$$0000000B)
    __rt_final_cpp                           0x080001bd   Thumb Code     0  entry10a.o(.ARM.Collect$$$$0000000D)
    __rt_final_exit                          0x080001bd   Thumb Code     0  entry11a.o(.ARM.Collect$$$$0000000F)
    SVC_Handler                              0x080001c1   Thumb Code    28  port.o(.emb_text)
    __asm___6_port_c_39a90d8d__prvStartFirstTask 0x080001e1   Thumb Code    36  port.o(.emb_text)
    __asm___6_port_c_39a90d8d__prvEnableVFP  0x08000209   Thumb Code    16  port.o(.emb_text)
    PendSV_Handler                           0x0800021d   Thumb Code    88  port.o(.emb_text)
    vPortGetIPSR                             0x08000279   Thumb Code     6  port.o(.emb_text)
    Reset_Handler                            0x08000281   Thumb Code     8  startup_stm32f429xx.o(.text)
    ADC_IRQHandler                           0x0800029b   Thumb Code     0  startup_stm32f429xx.o(.text)
    CAN1_RX0_IRQHandler                      0x0800029b   Thumb Code     0  startup_stm32f429xx.o(.text)
    CAN1_RX1_IRQHandler                      0x0800029b   Thumb Code     0  startup_stm32f429xx.o(.text)
    CAN1_SCE_IRQHandler                      0x0800029b   Thumb Code     0  startup_stm32f429xx.o(.text)
    CAN1_TX_IRQHandler                       0x0800029b   Thumb Code     0  startup_stm32f429xx.o(.text)
    CAN2_RX0_IRQHandler                      0x0800029b   Thumb Code     0  startup_stm32f429xx.o(.text)
    CAN2_RX1_IRQHandler                      0x0800029b   Thumb Code     0  startup_stm32f429xx.o(.text)
    CAN2_SCE_IRQHandler                      0x0800029b   Thumb Code     0  startup_stm32f429xx.o(.text)
    CAN2_TX_IRQHandler                       0x0800029b   Thumb Code     0  startup_stm32f429xx.o(.text)
    DCMI_IRQHandler                          0x0800029b   Thumb Code     0  startup_stm32f429xx.o(.text)
    DMA1_Stream0_IRQHandler                  0x0800029b   Thumb Code     0  startup_stm32f429xx.o(.text)
    DMA1_Stream1_IRQHandler                  0x0800029b   Thumb Code     0  startup_stm32f429xx.o(.text)
    DMA1_Stream2_IRQHandler                  0x0800029b   Thumb Code     0  startup_stm32f429xx.o(.text)
    DMA1_Stream3_IRQHandler                  0x0800029b   Thumb Code     0  startup_stm32f429xx.o(.text)
    DMA1_Stream4_IRQHandler                  0x0800029b   Thumb Code     0  startup_stm32f429xx.o(.text)
    DMA1_Stream5_IRQHandler                  0x0800029b   Thumb Code     0  startup_stm32f429xx.o(.text)
    DMA1_Stream6_IRQHandler                  0x0800029b   Thumb Code     0  startup_stm32f429xx.o(.text)
    DMA1_Stream7_IRQHandler                  0x0800029b   Thumb Code     0  startup_stm32f429xx.o(.text)
    DMA2_Stream0_IRQHandler                  0x0800029b   Thumb Code     0  startup_stm32f429xx.o(.text)
    DMA2_Stream1_IRQHandler                  0x0800029b   Thumb Code     0  startup_stm32f429xx.o(.text)
    DMA2_Stream2_IRQHandler                  0x0800029b   Thumb Code     0  startup_stm32f429xx.o(.text)
    DMA2_Stream3_IRQHandler                  0x0800029b   Thumb Code     0  startup_stm32f429xx.o(.text)
    DMA2_Stream4_IRQHandler                  0x0800029b   Thumb Code     0  startup_stm32f429xx.o(.text)
    DMA2_Stream5_IRQHandler                  0x0800029b   Thumb Code     0  startup_stm32f429xx.o(.text)
    DMA2_Stream6_IRQHandler                  0x0800029b   Thumb Code     0  startup_stm32f429xx.o(.text)
    DMA2_Stream7_IRQHandler                  0x0800029b   Thumb Code     0  startup_stm32f429xx.o(.text)
    ETH_IRQHandler                           0x0800029b   Thumb Code     0  startup_stm32f429xx.o(.text)
    ETH_WKUP_IRQHandler                      0x0800029b   Thumb Code     0  startup_stm32f429xx.o(.text)
    EXTI0_IRQHandler                         0x0800029b   Thumb Code     0  startup_stm32f429xx.o(.text)
    EXTI15_10_IRQHandler                     0x0800029b   Thumb Code     0  startup_stm32f429xx.o(.text)
    EXTI1_IRQHandler                         0x0800029b   Thumb Code     0  startup_stm32f429xx.o(.text)
    EXTI2_IRQHandler                         0x0800029b   Thumb Code     0  startup_stm32f429xx.o(.text)
    EXTI3_IRQHandler                         0x0800029b   Thumb Code     0  startup_stm32f429xx.o(.text)
    EXTI4_IRQHandler                         0x0800029b   Thumb Code     0  startup_stm32f429xx.o(.text)
    EXTI9_5_IRQHandler                       0x0800029b   Thumb Code     0  startup_stm32f429xx.o(.text)
    FLASH_IRQHandler                         0x0800029b   Thumb Code     0  startup_stm32f429xx.o(.text)
    FMC_IRQHandler                           0x0800029b   Thumb Code     0  startup_stm32f429xx.o(.text)
    FPU_IRQHandler                           0x0800029b   Thumb Code     0  startup_stm32f429xx.o(.text)
    HASH_RNG_IRQHandler                      0x0800029b   Thumb Code     0  startup_stm32f429xx.o(.text)
    I2C1_ER_IRQHandler                       0x0800029b   Thumb Code     0  startup_stm32f429xx.o(.text)
    I2C1_EV_IRQHandler                       0x0800029b   Thumb Code     0  startup_stm32f429xx.o(.text)
    I2C2_ER_IRQHandler                       0x0800029b   Thumb Code     0  startup_stm32f429xx.o(.text)
    I2C2_EV_IRQHandler                       0x0800029b   Thumb Code     0  startup_stm32f429xx.o(.text)
    I2C3_ER_IRQHandler                       0x0800029b   Thumb Code     0  startup_stm32f429xx.o(.text)
    I2C3_EV_IRQHandler                       0x0800029b   Thumb Code     0  startup_stm32f429xx.o(.text)
    LTDC_ER_IRQHandler                       0x0800029b   Thumb Code     0  startup_stm32f429xx.o(.text)
    OTG_FS_IRQHandler                        0x0800029b   Thumb Code     0  startup_stm32f429xx.o(.text)
    OTG_FS_WKUP_IRQHandler                   0x0800029b   Thumb Code     0  startup_stm32f429xx.o(.text)
    OTG_HS_EP1_IN_IRQHandler                 0x0800029b   Thumb Code     0  startup_stm32f429xx.o(.text)
    OTG_HS_EP1_OUT_IRQHandler                0x0800029b   Thumb Code     0  startup_stm32f429xx.o(.text)
    OTG_HS_WKUP_IRQHandler                   0x0800029b   Thumb Code     0  startup_stm32f429xx.o(.text)
    PVD_IRQHandler                           0x0800029b   Thumb Code     0  startup_stm32f429xx.o(.text)
    RCC_IRQHandler                           0x0800029b   Thumb Code     0  startup_stm32f429xx.o(.text)
    RTC_Alarm_IRQHandler                     0x0800029b   Thumb Code     0  startup_stm32f429xx.o(.text)
    RTC_WKUP_IRQHandler                      0x0800029b   Thumb Code     0  startup_stm32f429xx.o(.text)
    SAI1_IRQHandler                          0x0800029b   Thumb Code     0  startup_stm32f429xx.o(.text)
    SDIO_IRQHandler                          0x0800029b   Thumb Code     0  startup_stm32f429xx.o(.text)
    SPI1_IRQHandler                          0x0800029b   Thumb Code     0  startup_stm32f429xx.o(.text)
    SPI2_IRQHandler                          0x0800029b   Thumb Code     0  startup_stm32f429xx.o(.text)
    SPI3_IRQHandler                          0x0800029b   Thumb Code     0  startup_stm32f429xx.o(.text)
    SPI4_IRQHandler                          0x0800029b   Thumb Code     0  startup_stm32f429xx.o(.text)
    SPI5_IRQHandler                          0x0800029b   Thumb Code     0  startup_stm32f429xx.o(.text)
    SPI6_IRQHandler                          0x0800029b   Thumb Code     0  startup_stm32f429xx.o(.text)
    TAMP_STAMP_IRQHandler                    0x0800029b   Thumb Code     0  startup_stm32f429xx.o(.text)
    TIM1_BRK_TIM9_IRQHandler                 0x0800029b   Thumb Code     0  startup_stm32f429xx.o(.text)
    TIM1_CC_IRQHandler                       0x0800029b   Thumb Code     0  startup_stm32f429xx.o(.text)
    TIM1_TRG_COM_TIM11_IRQHandler            0x0800029b   Thumb Code     0  startup_stm32f429xx.o(.text)
    TIM1_UP_TIM10_IRQHandler                 0x0800029b   Thumb Code     0  startup_stm32f429xx.o(.text)
    TIM2_IRQHandler                          0x0800029b   Thumb Code     0  startup_stm32f429xx.o(.text)
    TIM3_IRQHandler                          0x0800029b   Thumb Code     0  startup_stm32f429xx.o(.text)
    TIM4_IRQHandler                          0x0800029b   Thumb Code     0  startup_stm32f429xx.o(.text)
    TIM5_IRQHandler                          0x0800029b   Thumb Code     0  startup_stm32f429xx.o(.text)
    TIM7_IRQHandler                          0x0800029b   Thumb Code     0  startup_stm32f429xx.o(.text)
    TIM8_BRK_TIM12_IRQHandler                0x0800029b   Thumb Code     0  startup_stm32f429xx.o(.text)
    TIM8_CC_IRQHandler                       0x0800029b   Thumb Code     0  startup_stm32f429xx.o(.text)
    TIM8_TRG_COM_TIM14_IRQHandler            0x0800029b   Thumb Code     0  startup_stm32f429xx.o(.text)
    TIM8_UP_TIM13_IRQHandler                 0x0800029b   Thumb Code     0  startup_stm32f429xx.o(.text)
    UART4_IRQHandler                         0x0800029b   Thumb Code     0  startup_stm32f429xx.o(.text)
    UART5_IRQHandler                         0x0800029b   Thumb Code     0  startup_stm32f429xx.o(.text)
    UART7_IRQHandler                         0x0800029b   Thumb Code     0  startup_stm32f429xx.o(.text)
    UART8_IRQHandler                         0x0800029b   Thumb Code     0  startup_stm32f429xx.o(.text)
    USART1_IRQHandler                        0x0800029b   Thumb Code     0  startup_stm32f429xx.o(.text)
    USART2_IRQHandler                        0x0800029b   Thumb Code     0  startup_stm32f429xx.o(.text)
    USART3_IRQHandler                        0x0800029b   Thumb Code     0  startup_stm32f429xx.o(.text)
    USART6_IRQHandler                        0x0800029b   Thumb Code     0  startup_stm32f429xx.o(.text)
    WWDG_IRQHandler                          0x0800029b   Thumb Code     0  startup_stm32f429xx.o(.text)
    __aeabi_uldivmod                         0x080002a5   Thumb Code    98  uldiv.o(.text)
    __aeabi_memcpy                           0x08000307   Thumb Code    36  memcpya.o(.text)
    __aeabi_memcpy4                          0x08000307   Thumb Code     0  memcpya.o(.text)
    __aeabi_memcpy8                          0x08000307   Thumb Code     0  memcpya.o(.text)
    __aeabi_memset                           0x0800032b   Thumb Code    14  memseta.o(.text)
    __aeabi_memset4                          0x0800032b   Thumb Code     0  memseta.o(.text)
    __aeabi_memset8                          0x0800032b   Thumb Code     0  memseta.o(.text)
    __aeabi_memclr                           0x08000339   Thumb Code     4  memseta.o(.text)
    __aeabi_memclr4                          0x08000339   Thumb Code     0  memseta.o(.text)
    __aeabi_memclr8                          0x08000339   Thumb Code     0  memseta.o(.text)
    memset                                   0x0800033d   Thumb Code    18  memseta.o(.text)
    __aeabi_llsl                             0x0800034f   Thumb Code    30  llshl.o(.text)
    _ll_shift_l                              0x0800034f   Thumb Code     0  llshl.o(.text)
    __aeabi_llsr                             0x0800036d   Thumb Code    32  llushr.o(.text)
    _ll_ushift_r                             0x0800036d   Thumb Code     0  llushr.o(.text)
    __scatterload                            0x0800038d   Thumb Code    28  init.o(.text)
    __scatterload_rt2                        0x0800038d   Thumb Code     0  init.o(.text)
    BSP_LED_Toggle                           0x080003b1   Thumb Code    16  stm32f429i_discovery.o(i.BSP_LED_Toggle)
    BusFault_Handler                         0x080003c9   Thumb Code     2  stm32f4xx_it.o(i.BusFault_Handler)
    DMA2D_IRQHandler                         0x080004f1   Thumb Code     6  stm32f4xx_it.o(i.DMA2D_IRQHandler)
    DebugMon_Handler                         0x0800054d   Thumb Code     2  stm32f4xx_it.o(i.DebugMon_Handler)
    Error_Handler                            0x0800054f   Thumb Code     4  main.o(i.Error_Handler)
    FMC_SDRAM_Init                           0x08000553   Thumb Code    80  stm32f4xx_ll_fmc.o(i.FMC_SDRAM_Init)
    FMC_SDRAM_Timing_Init                    0x080005a5   Thumb Code   124  stm32f4xx_ll_fmc.o(i.FMC_SDRAM_Timing_Init)
    HAL_CRC_Init                             0x0800063b   Thumb Code    34  stm32f4xx_hal_crc.o(i.HAL_CRC_Init)
    HAL_CRC_MspInit                          0x0800065d   Thumb Code    30  stm32f4xx_hal_msp.o(i.HAL_CRC_MspInit)
    HAL_DMA2D_CLUTLoadingCpltCallback        0x08000685   Thumb Code     2  stm32f4xx_hal_dma2d.o(i.HAL_DMA2D_CLUTLoadingCpltCallback)
    HAL_DMA2D_ConfigLayer                    0x08000689   Thumb Code   158  stm32f4xx_hal_dma2d.o(i.HAL_DMA2D_ConfigLayer)
    HAL_DMA2D_IRQHandler                     0x0800072d   Thumb Code   286  stm32f4xx_hal_dma2d.o(i.HAL_DMA2D_IRQHandler)
    HAL_DMA2D_Init                           0x0800084b   Thumb Code    90  stm32f4xx_hal_dma2d.o(i.HAL_DMA2D_Init)
    HAL_DMA2D_LineEventCallback              0x080008a5   Thumb Code     2  stm32f4xx_hal_dma2d.o(i.HAL_DMA2D_LineEventCallback)
    HAL_DMA2D_MspInit                        0x080008a9   Thumb Code    50  stm32f4xx_hal_msp.o(i.HAL_DMA2D_MspInit)
    HAL_Delay                                0x080008e5   Thumb Code    32  stm32f4xx_hal.o(i.HAL_Delay)
    HAL_GPIO_Init                            0x080009e5   Thumb Code   508  stm32f4xx_hal_gpio.o(i.HAL_GPIO_Init)
    HAL_GPIO_TogglePin                       0x08000c15   Thumb Code    16  stm32f4xx_hal_gpio.o(i.HAL_GPIO_TogglePin)
    HAL_GPIO_WritePin                        0x08000c25   Thumb Code    10  stm32f4xx_hal_gpio.o(i.HAL_GPIO_WritePin)
    HAL_GetTick                              0x08000c31   Thumb Code     6  stm32f4xx_hal.o(i.HAL_GetTick)
    HAL_HCD_Connect_Callback                 0x08000c3d   Thumb Code     8  usbh_conf.o(i.HAL_HCD_Connect_Callback)
    HAL_HCD_Disconnect_Callback              0x08000c45   Thumb Code     8  usbh_conf.o(i.HAL_HCD_Disconnect_Callback)
    HAL_HCD_GetCurrentFrame                  0x08000c4d   Thumb Code     6  stm32f4xx_hal_hcd.o(i.HAL_HCD_GetCurrentFrame)
    HAL_HCD_GetCurrentSpeed                  0x08000c53   Thumb Code     6  stm32f4xx_hal_hcd.o(i.HAL_HCD_GetCurrentSpeed)
    HAL_HCD_HC_GetURBState                   0x08000c59   Thumb Code    18  stm32f4xx_hal_hcd.o(i.HAL_HCD_HC_GetURBState)
    HAL_HCD_HC_GetXferCount                  0x08000c6b   Thumb Code    16  stm32f4xx_hal_hcd.o(i.HAL_HCD_HC_GetXferCount)
    HAL_HCD_HC_Halt                          0x08000c7b   Thumb Code    36  stm32f4xx_hal_hcd.o(i.HAL_HCD_HC_Halt)
    HAL_HCD_HC_Init                          0x08000c9f   Thumb Code   118  stm32f4xx_hal_hcd.o(i.HAL_HCD_HC_Init)
    HAL_HCD_HC_NotifyURBChange_Callback      0x08000d15   Thumb Code     8  usbh_conf.o(i.HAL_HCD_HC_NotifyURBChange_Callback)
    HAL_HCD_HC_SubmitRequest                 0x08000d1d   Thumb Code   154  stm32f4xx_hal_hcd.o(i.HAL_HCD_HC_SubmitRequest)
    HAL_HCD_IRQHandler                       0x08000db7   Thumb Code   302  stm32f4xx_hal_hcd.o(i.HAL_HCD_IRQHandler)
    HAL_HCD_Init                             0x08000ee5   Thumb Code   114  stm32f4xx_hal_hcd.o(i.HAL_HCD_Init)
    HAL_HCD_MspInit                          0x08000f59   Thumb Code   124  usbh_conf.o(i.HAL_HCD_MspInit)
    HAL_HCD_PortDisabled_Callback            0x08000fe1   Thumb Code     8  usbh_conf.o(i.HAL_HCD_PortDisabled_Callback)
    HAL_HCD_PortEnabled_Callback             0x08000fe9   Thumb Code     8  usbh_conf.o(i.HAL_HCD_PortEnabled_Callback)
    HAL_HCD_ResetPort                        0x08000ff1   Thumb Code     6  stm32f4xx_hal_hcd.o(i.HAL_HCD_ResetPort)
    HAL_HCD_SOF_Callback                     0x08000ff7   Thumb Code     8  usbh_conf.o(i.HAL_HCD_SOF_Callback)
    HAL_HCD_Start                            0x08000fff   Thumb Code    44  stm32f4xx_hal_hcd.o(i.HAL_HCD_Start)
    HAL_HCD_Stop                             0x0800102b   Thumb Code    36  stm32f4xx_hal_hcd.o(i.HAL_HCD_Stop)
    HAL_I2CEx_ConfigAnalogFilter             0x0800104f   Thumb Code    66  stm32f4xx_hal_i2c_ex.o(i.HAL_I2CEx_ConfigAnalogFilter)
    HAL_I2CEx_ConfigDigitalFilter            0x08001091   Thumb Code    62  stm32f4xx_hal_i2c_ex.o(i.HAL_I2CEx_ConfigDigitalFilter)
    HAL_I2C_Init                             0x080010d1   Thumb Code   376  stm32f4xx_hal_i2c.o(i.HAL_I2C_Init)
    HAL_I2C_MspInit                          0x08001259   Thumb Code   126  stm32f4xx_hal_msp.o(i.HAL_I2C_MspInit)
    HAL_IncTick                              0x080012e9   Thumb Code    12  stm32f4xx_hal.o(i.HAL_IncTick)
    HAL_Init                                 0x080012f9   Thumb Code    48  stm32f4xx_hal.o(i.HAL_Init)
    HAL_InitTick                             0x0800132d   Thumb Code   100  stm32f4xx_hal_timebase_tim.o(i.HAL_InitTick)
    HAL_LTDC_ConfigLayer                     0x080013a1   Thumb Code    82  stm32f4xx_hal_ltdc.o(i.HAL_LTDC_ConfigLayer)
    HAL_LTDC_ErrorCallback                   0x080013f3   Thumb Code     2  stm32f4xx_hal_ltdc.o(i.HAL_LTDC_ErrorCallback)
    HAL_LTDC_IRQHandler                      0x080013f5   Thumb Code   202  stm32f4xx_hal_ltdc.o(i.HAL_LTDC_IRQHandler)
    HAL_LTDC_Init                            0x080014c1   Thumb Code   238  stm32f4xx_hal_ltdc.o(i.HAL_LTDC_Init)
    HAL_LTDC_LineEventCallback               0x080015b5   Thumb Code     2  stm32f4xx_hal_ltdc.o(i.HAL_LTDC_LineEventCallback)
    HAL_LTDC_MspInit                         0x080015b9   Thumb Code   356  stm32f4xx_hal_msp.o(i.HAL_LTDC_MspInit)
    HAL_LTDC_ReloadEventCallback             0x0800173d   Thumb Code     2  stm32f4xx_hal_ltdc.o(i.HAL_LTDC_ReloadEventCallback)
    HAL_MspInit                              0x08001741   Thumb Code    52  stm32f4xx_hal_msp.o(i.HAL_MspInit)
    HAL_NVIC_EnableIRQ                       0x08001779   Thumb Code    26  stm32f4xx_hal_cortex.o(i.HAL_NVIC_EnableIRQ)
    HAL_NVIC_SetPriority                     0x08001795   Thumb Code    60  stm32f4xx_hal_cortex.o(i.HAL_NVIC_SetPriority)
    HAL_NVIC_SetPriorityGrouping             0x080017d5   Thumb Code    26  stm32f4xx_hal_cortex.o(i.HAL_NVIC_SetPriorityGrouping)
    HAL_RCCEx_PeriphCLKConfig                0x080017f9   Thumb Code   560  stm32f4xx_hal_rcc_ex.o(i.HAL_RCCEx_PeriphCLKConfig)
    HAL_RCC_ClockConfig                      0x08001a4d   Thumb Code   288  stm32f4xx_hal_rcc.o(i.HAL_RCC_ClockConfig)
    HAL_RCC_GetClockConfig                   0x08001b81   Thumb Code    54  stm32f4xx_hal_rcc.o(i.HAL_RCC_GetClockConfig)
    HAL_RCC_GetPCLK1Freq                     0x08001bc1   Thumb Code    20  stm32f4xx_hal_rcc.o(i.HAL_RCC_GetPCLK1Freq)
    HAL_RCC_GetPCLK2Freq                     0x08001be1   Thumb Code    20  stm32f4xx_hal_rcc.o(i.HAL_RCC_GetPCLK2Freq)
    HAL_RCC_GetSysClockFreq                  0x08001c01   Thumb Code    88  stm32f4xx_hal_rcc.o(i.HAL_RCC_GetSysClockFreq)
    HAL_RCC_OscConfig                        0x08001c61   Thumb Code   856  stm32f4xx_hal_rcc.o(i.HAL_RCC_OscConfig)
    HAL_SDRAM_Init                           0x08001fcd   Thumb Code    66  stm32f4xx_hal_sdram.o(i.HAL_SDRAM_Init)
    HAL_SDRAM_MspInit                        0x0800200f   Thumb Code     4  stm32f4xx_hal_msp.o(i.HAL_SDRAM_MspInit)
    HAL_SPI_Init                             0x08002013   Thumb Code   188  stm32f4xx_hal_spi.o(i.HAL_SPI_Init)
    HAL_SPI_MspInit                          0x080020d1   Thumb Code    92  stm32f4xx_hal_msp.o(i.HAL_SPI_MspInit)
    HAL_TIMEx_BreakCallback                  0x08002139   Thumb Code     2  stm32f4xx_hal_tim_ex.o(i.HAL_TIMEx_BreakCallback)
    HAL_TIMEx_CommutCallback                 0x0800213b   Thumb Code     2  stm32f4xx_hal_tim_ex.o(i.HAL_TIMEx_CommutCallback)
    HAL_TIMEx_MasterConfigSynchronization    0x0800213d   Thumb Code   116  stm32f4xx_hal_tim_ex.o(i.HAL_TIMEx_MasterConfigSynchronization)
    HAL_TIM_Base_Init                        0x080021cd   Thumb Code    90  stm32f4xx_hal_tim.o(i.HAL_TIM_Base_Init)
    HAL_TIM_Base_MspInit                     0x08002229   Thumb Code    30  stm32f4xx_hal_msp.o(i.HAL_TIM_Base_MspInit)
    HAL_TIM_Base_Start_IT                    0x08002251   Thumb Code   100  stm32f4xx_hal_tim.o(i.HAL_TIM_Base_Start_IT)
    HAL_TIM_ConfigClockSource                0x080022d1   Thumb Code   214  stm32f4xx_hal_tim.o(i.HAL_TIM_ConfigClockSource)
    HAL_TIM_IC_CaptureCallback               0x080023a7   Thumb Code     2  stm32f4xx_hal_tim.o(i.HAL_TIM_IC_CaptureCallback)
    HAL_TIM_IRQHandler                       0x080023a9   Thumb Code   358  stm32f4xx_hal_tim.o(i.HAL_TIM_IRQHandler)
    HAL_TIM_OC_DelayElapsedCallback          0x0800250f   Thumb Code     2  stm32f4xx_hal_tim.o(i.HAL_TIM_OC_DelayElapsedCallback)
    HAL_TIM_PWM_PulseFinishedCallback        0x08002511   Thumb Code     2  stm32f4xx_hal_tim.o(i.HAL_TIM_PWM_PulseFinishedCallback)
    HAL_TIM_PeriodElapsedCallback            0x08002515   Thumb Code    14  main.o(i.HAL_TIM_PeriodElapsedCallback)
    HAL_TIM_TriggerCallback                  0x08002529   Thumb Code     2  stm32f4xx_hal_tim.o(i.HAL_TIM_TriggerCallback)
    HAL_UART_Init                            0x0800252b   Thumb Code    98  stm32f4xx_hal_uart.o(i.HAL_UART_Init)
    HAL_UART_MspInit                         0x0800258d   Thumb Code    94  stm32f4xx_hal_msp.o(i.HAL_UART_MspInit)
    HardFault_Handler                        0x08002c2f   Thumb Code     2  stm32f4xx_it.o(i.HardFault_Handler)
    LTDC_IRQHandler                          0x08002c31   Thumb Code     6  stm32f4xx_it.o(i.LTDC_IRQHandler)
    MX_DriverVbusHS                          0x08002ddd   Thumb Code    16  usbh_platform.o(i.MX_DriverVbusHS)
    MX_USB_HOST_Init                         0x08003189   Thumb Code    52  usb_host.o(i.MX_USB_HOST_Init)
    MemManage_Handler                        0x080031c9   Thumb Code     2  stm32f4xx_it.o(i.MemManage_Handler)
    NMI_Handler                              0x080031cb   Thumb Code     2  stm32f4xx_it.o(i.NMI_Handler)
    OTG_HS_IRQHandler                        0x080031cd   Thumb Code     6  stm32f4xx_it.o(i.OTG_HS_IRQHandler)
    StartDefaultTask                         0x080031d9   Thumb Code    22  main.o(i.StartDefaultTask)
    StartTask02                              0x080031ef   Thumb Code     2  main.o(i.StartTask02)
    SysTick_Handler                          0x080031f1   Thumb Code    26  cmsis_os2.o(i.SysTick_Handler)
    SystemClock_Config                       0x0800320d   Thumb Code   172  main.o(i.SystemClock_Config)
    SystemInit                               0x080032c1   Thumb Code    12  system_stm32f4xx.o(i.SystemInit)
    TIM6_DAC_IRQHandler                      0x080032d1   Thumb Code     6  stm32f4xx_it.o(i.TIM6_DAC_IRQHandler)
    TIM_Base_SetConfig                       0x080032dd   Thumb Code   156  stm32f4xx_hal_tim.o(i.TIM_Base_SetConfig)
    TIM_ETR_SetConfig                        0x080033a5   Thumb Code    20  stm32f4xx_hal_tim.o(i.TIM_ETR_SetConfig)
    USBH_AllocPipe                           0x0800351d   Thumb Code    56  usbh_pipes.o(i.USBH_AllocPipe)
    USBH_BulkReceiveData                     0x08003555   Thumb Code    32  usbh_ioreq.o(i.USBH_BulkReceiveData)
    USBH_BulkSendData                        0x08003575   Thumb Code    40  usbh_ioreq.o(i.USBH_BulkSendData)
    USBH_CDC_LineCodingChanged               0x08003763   Thumb Code     2  usbh_cdc.o(i.USBH_CDC_LineCodingChanged)
    USBH_CDC_ReceiveCallback                 0x0800381d   Thumb Code     2  usbh_cdc.o(i.USBH_CDC_ReceiveCallback)
    USBH_CDC_TransmitCallback                0x08003823   Thumb Code     2  usbh_cdc.o(i.USBH_CDC_TransmitCallback)
    USBH_ClosePipe                           0x08003825   Thumb Code    10  usbh_pipes.o(i.USBH_ClosePipe)
    USBH_ClrFeature                          0x0800382f   Thumb Code    30  usbh_ctlreq.o(i.USBH_ClrFeature)
    USBH_CtlReceiveData                      0x0800384d   Thumb Code    30  usbh_ioreq.o(i.USBH_CtlReceiveData)
    USBH_CtlReq                              0x0800386b   Thumb Code    96  usbh_ctlreq.o(i.USBH_CtlReq)
    USBH_CtlSendData                         0x080038cb   Thumb Code    40  usbh_ioreq.o(i.USBH_CtlSendData)
    USBH_CtlSendSetup                        0x080038f3   Thumb Code    30  usbh_ioreq.o(i.USBH_CtlSendSetup)
    USBH_Delay                               0x08003911   Thumb Code     4  usbh_conf.o(i.USBH_Delay)
    USBH_FindInterface                       0x08003915   Thumb Code    68  usbh_core.o(i.USBH_FindInterface)
    USBH_FreePipe                            0x08003959   Thumb Code    24  usbh_pipes.o(i.USBH_FreePipe)
    USBH_GetDescriptor                       0x08003971   Thumb Code    52  usbh_ctlreq.o(i.USBH_GetDescriptor)
    USBH_GetNextDesc                         0x080039a5   Thumb Code    14  usbh_ctlreq.o(i.USBH_GetNextDesc)
    USBH_Get_CfgDesc                         0x080039b3   Thumb Code    44  usbh_ctlreq.o(i.USBH_Get_CfgDesc)
    USBH_Get_DevDesc                         0x080039df   Thumb Code   144  usbh_ctlreq.o(i.USBH_Get_DevDesc)
    USBH_Get_StringDesc                      0x08003a6f   Thumb Code    72  usbh_ctlreq.o(i.USBH_Get_StringDesc)
    USBH_Get_USB_Status                      0x08003ab7   Thumb Code    24  usbh_conf.o(i.USBH_Get_USB_Status)
    USBH_Init                                0x08003e15   Thumb Code   104  usbh_core.o(i.USBH_Init)
    USBH_LL_ClosePipe                        0x08003e91   Thumb Code    18  usbh_conf.o(i.USBH_LL_ClosePipe)
    USBH_LL_Connect                          0x08003ea3   Thumb Code    42  usbh_core.o(i.USBH_LL_Connect)
    USBH_LL_Disconnect                       0x08003ecd   Thumb Code    66  usbh_core.o(i.USBH_LL_Disconnect)
    USBH_LL_DriverVBUS                       0x08003f0f   Thumb Code    24  usbh_conf.o(i.USBH_LL_DriverVBUS)
    USBH_LL_GetLastXferSize                  0x08003f27   Thumb Code     8  usbh_conf.o(i.USBH_LL_GetLastXferSize)
    USBH_LL_GetSpeed                         0x08003f2f   Thumb Code    34  usbh_conf.o(i.USBH_LL_GetSpeed)
    USBH_LL_GetURBState                      0x08003f51   Thumb Code     8  usbh_conf.o(i.USBH_LL_GetURBState)
    USBH_LL_IncTimer                         0x08003f59   Thumb Code    30  usbh_core.o(i.USBH_LL_IncTimer)
    USBH_LL_Init                             0x08003f79   Thumb Code    76  usbh_conf.o(i.USBH_LL_Init)
    USBH_LL_NotifyURBChange                  0x08003fcd   Thumb Code    30  usbh_core.o(i.USBH_LL_NotifyURBChange)
    USBH_LL_OpenPipe                         0x08003feb   Thumb Code    28  usbh_conf.o(i.USBH_LL_OpenPipe)
    USBH_LL_PortDisabled                     0x08004007   Thumb Code     8  usbh_core.o(i.USBH_LL_PortDisabled)
    USBH_LL_PortEnabled                      0x0800400f   Thumb Code    32  usbh_core.o(i.USBH_LL_PortEnabled)
    USBH_LL_ResetPort                        0x0800402f   Thumb Code    18  usbh_conf.o(i.USBH_LL_ResetPort)
    USBH_LL_SetTimer                         0x08004041   Thumb Code     6  usbh_core.o(i.USBH_LL_SetTimer)
    USBH_LL_SetToggle                        0x08004047   Thumb Code    36  usbh_conf.o(i.USBH_LL_SetToggle)
    USBH_LL_Start                            0x0800406b   Thumb Code    18  usbh_conf.o(i.USBH_LL_Start)
    USBH_LL_Stop                             0x0800407d   Thumb Code    18  usbh_conf.o(i.USBH_LL_Stop)
    USBH_LL_SubmitURB                        0x0800408f   Thumb Code    34  usbh_conf.o(i.USBH_LL_SubmitURB)
    USBH_OpenPipe                            0x080040b1   Thumb Code    20  usbh_pipes.o(i.USBH_OpenPipe)
    USBH_Process                             0x080041a1   Thumb Code   604  usbh_core.o(i.USBH_Process)
    USBH_RegisterClass                       0x08004421   Thumb Code    28  usbh_core.o(i.USBH_RegisterClass)
    USBH_SelectInterface                     0x0800443d   Thumb Code    22  usbh_core.o(i.USBH_SelectInterface)
    USBH_SetAddress                          0x08004453   Thumb Code    28  usbh_ctlreq.o(i.USBH_SetAddress)
    USBH_SetCfg                              0x0800446f   Thumb Code    28  usbh_ctlreq.o(i.USBH_SetCfg)
    USBH_SetFeature                          0x0800448b   Thumb Code    28  usbh_ctlreq.o(i.USBH_SetFeature)
    USBH_Start                               0x080044a7   Thumb Code    20  usbh_core.o(i.USBH_Start)
    USB_CoreInit                             0x080044dd   Thumb Code   112  stm32f4xx_ll_usb.o(i.USB_CoreInit)
    USB_DisableGlobalInt                     0x08004589   Thumb Code    12  stm32f4xx_ll_usb.o(i.USB_DisableGlobalInt)
    USB_DoPing                               0x08004595   Thumb Code    30  stm32f4xx_ll_usb.o(i.USB_DoPing)
    USB_DriveVbus                            0x080045b9   Thumb Code    44  stm32f4xx_ll_usb.o(i.USB_DriveVbus)
    USB_EnableGlobalInt                      0x080045e5   Thumb Code    12  stm32f4xx_ll_usb.o(i.USB_EnableGlobalInt)
    USB_FlushRxFifo                          0x080045f1   Thumb Code    28  stm32f4xx_ll_usb.o(i.USB_FlushRxFifo)
    USB_FlushTxFifo                          0x08004611   Thumb Code    32  stm32f4xx_ll_usb.o(i.USB_FlushTxFifo)
    USB_GetCurrentFrame                      0x08004635   Thumb Code     8  stm32f4xx_ll_usb.o(i.USB_GetCurrentFrame)
    USB_GetHostSpeed                         0x0800463d   Thumb Code    14  stm32f4xx_ll_usb.o(i.USB_GetHostSpeed)
    USB_GetMode                              0x0800464b   Thumb Code     8  stm32f4xx_ll_usb.o(i.USB_GetMode)
    USB_HC_Halt                              0x08004653   Thumb Code   216  stm32f4xx_ll_usb.o(i.USB_HC_Halt)
    USB_HC_Init                              0x0800472d   Thumb Code   250  stm32f4xx_ll_usb.o(i.USB_HC_Init)
    USB_HC_ReadInterrupt                     0x08004827   Thumb Code     8  stm32f4xx_ll_usb.o(i.USB_HC_ReadInterrupt)
    USB_HC_StartXfer                         0x0800482f   Thumb Code   320  stm32f4xx_ll_usb.o(i.USB_HC_StartXfer)
    USB_HostInit                             0x08004971   Thumb Code   194  stm32f4xx_ll_usb.o(i.USB_HostInit)
    USB_InitFSLSPClkSel                      0x08004a49   Thumb Code    54  stm32f4xx_ll_usb.o(i.USB_InitFSLSPClkSel)
    USB_ReadInterrupts                       0x08004a7f   Thumb Code     8  stm32f4xx_ll_usb.o(i.USB_ReadInterrupts)
    USB_ReadPacket                           0x08004a87   Thumb Code    28  stm32f4xx_ll_usb.o(i.USB_ReadPacket)
    USB_ResetPort                            0x08004aa3   Thumb Code    50  stm32f4xx_ll_usb.o(i.USB_ResetPort)
    USB_SetCurrentMode                       0x08004ad5   Thumb Code    46  stm32f4xx_ll_usb.o(i.USB_SetCurrentMode)
    USB_StopHost                             0x08004b05   Thumb Code   126  stm32f4xx_ll_usb.o(i.USB_StopHost)
    USB_WritePacket                          0x08004b83   Thumb Code    36  stm32f4xx_ll_usb.o(i.USB_WritePacket)
    UsageFault_Handler                       0x08004ba7   Thumb Code     2  stm32f4xx_it.o(i.UsageFault_Handler)
    __scatterload_copy                       0x08004bc9   Thumb Code    14  handlers.o(i.__scatterload_copy)
    __scatterload_null                       0x08004bd7   Thumb Code     2  handlers.o(i.__scatterload_null)
    __scatterload_zeroinit                   0x08004bd9   Thumb Code    14  handlers.o(i.__scatterload_zeroinit)
    free                                     0x08004be9   Thumb Code    76  malloc.o(i.free)
    main                                     0x08004c39   Thumb Code   132  main.o(i.main)
    malloc                                   0x08004cd9   Thumb Code    92  malloc.o(i.malloc)
    osDelay                                  0x08004d45   Thumb Code    26  cmsis_os2.o(i.osDelay)
    osKernelInitialize                       0x08004d61   Thumb Code    32  cmsis_os2.o(i.osKernelInitialize)
    osKernelStart                            0x08004d85   Thumb Code    48  cmsis_os2.o(i.osKernelStart)
    osMessageQueueGet                        0x08004dbd   Thumb Code    96  cmsis_os2.o(i.osMessageQueueGet)
    osMessageQueueNew                        0x08004e21   Thumb Code    88  cmsis_os2.o(i.osMessageQueueNew)
    osMessageQueuePut                        0x08004e79   Thumb Code   100  cmsis_os2.o(i.osMessageQueuePut)
    osThreadNew                              0x08004ee1   Thumb Code   138  cmsis_os2.o(i.osThreadNew)
    pvPortMalloc                             0x08005709   Thumb Code   226  heap_4.o(i.pvPortMalloc)
    pxPortInitialiseStack                    0x080057f1   Thumb Code    40  port.o(i.pxPortInitialiseStack)
    uxListRemove                             0x0800581d   Thumb Code    38  list.o(i.uxListRemove)
    vApplicationGetIdleTaskMemory            0x08005845   Thumb Code    16  cmsis_os2.o(i.vApplicationGetIdleTaskMemory)
    vApplicationGetTimerTaskMemory           0x08005859   Thumb Code    18  cmsis_os2.o(i.vApplicationGetTimerTaskMemory)
    vApplicationIdleHook                     0x08005871   Thumb Code     2  freertos.o(i.vApplicationIdleHook)
    vApplicationMallocFailedHook             0x08005873   Thumb Code     2  freertos.o(i.vApplicationMallocFailedHook)
    vApplicationStackOverflowHook            0x08005875   Thumb Code     2  freertos.o(i.vApplicationStackOverflowHook)
    vListInitialise                          0x08005877   Thumb Code    22  list.o(i.vListInitialise)
    vListInitialiseItem                      0x0800588d   Thumb Code     6  list.o(i.vListInitialiseItem)
    vListInsert                              0x08005893   Thumb Code    48  list.o(i.vListInsert)
    vListInsertEnd                           0x080058c3   Thumb Code    24  list.o(i.vListInsertEnd)
    vPortEnterCritical                       0x080058dd   Thumb Code    54  port.o(i.vPortEnterCritical)
    vPortExitCritical                        0x0800591d   Thumb Code    34  port.o(i.vPortExitCritical)
    vPortFree                                0x08005945   Thumb Code    94  heap_4.o(i.vPortFree)
    vPortSetupTimerInterrupt                 0x080059a9   Thumb Code    32  port.o(i.vPortSetupTimerInterrupt)
    vPortValidateInterruptPriority           0x080059cd   Thumb Code    74  port.o(i.vPortValidateInterruptPriority)
    vQueueAddToRegistry                      0x08005a21   Thumb Code    34  queue.o(i.vQueueAddToRegistry)
    vQueueWaitForMessageRestricted           0x08005a49   Thumb Code    68  queue.o(i.vQueueWaitForMessageRestricted)
    vTaskDelay                               0x08005a8d   Thumb Code    66  tasks.o(i.vTaskDelay)
    vTaskInternalSetTimeOutState             0x08005ad9   Thumb Code    12  tasks.o(i.vTaskInternalSetTimeOutState)
    vTaskMissedYield                         0x08005ae9   Thumb Code     8  tasks.o(i.vTaskMissedYield)
    vTaskPlaceOnEventList                    0x08005af5   Thumb Code    44  tasks.o(i.vTaskPlaceOnEventList)
    vTaskPlaceOnEventListRestricted          0x08005b25   Thumb Code    52  tasks.o(i.vTaskPlaceOnEventListRestricted)
    vTaskStartScheduler                      0x08005b5d   Thumb Code   118  tasks.o(i.vTaskStartScheduler)
    vTaskSuspendAll                          0x08005be5   Thumb Code    10  tasks.o(i.vTaskSuspendAll)
    vTaskSwitchContext                       0x08005bf5   Thumb Code   132  tasks.o(i.vTaskSwitchContext)
    xPortStartScheduler                      0x08005c81   Thumb Code   222  port.o(i.xPortStartScheduler)
    xPortSysTickHandler                      0x08005d75   Thumb Code    38  port.o(i.xPortSysTickHandler)
    xQueueGenericCreate                      0x08005da1   Thumb Code    66  queue.o(i.xQueueGenericCreate)
    xQueueGenericCreateStatic                0x08005de3   Thumb Code   102  queue.o(i.xQueueGenericCreateStatic)
    xQueueGenericReset                       0x08005e49   Thumb Code   132  queue.o(i.xQueueGenericReset)
    xQueueGenericSend                        0x08005ed1   Thumb Code   346  queue.o(i.xQueueGenericSend)
    xQueueGenericSendFromISR                 0x08006031   Thumb Code   190  queue.o(i.xQueueGenericSendFromISR)
    xQueueReceive                            0x080060f1   Thumb Code   308  queue.o(i.xQueueReceive)
    xQueueReceiveFromISR                     0x08006229   Thumb Code   154  queue.o(i.xQueueReceiveFromISR)
    xTaskCheckForTimeOut                     0x080062c5   Thumb Code   112  tasks.o(i.xTaskCheckForTimeOut)
    xTaskCreate                              0x08006339   Thumb Code    90  tasks.o(i.xTaskCreate)
    xTaskCreateStatic                        0x08006393   Thumb Code    86  tasks.o(i.xTaskCreateStatic)
    xTaskGetSchedulerState                   0x080063e9   Thumb Code    22  tasks.o(i.xTaskGetSchedulerState)
    xTaskGetTickCount                        0x08006405   Thumb Code     6  tasks.o(i.xTaskGetTickCount)
    xTaskIncrementTick                       0x08006411   Thumb Code   192  tasks.o(i.xTaskIncrementTick)
    xTaskPriorityDisinherit                  0x080064d9   Thumb Code   118  tasks.o(i.xTaskPriorityDisinherit)
    xTaskRemoveFromEventList                 0x08006559   Thumb Code    98  tasks.o(i.xTaskRemoveFromEventList)
    xTaskResumeAll                           0x080065c9   Thumb Code   182  tasks.o(i.xTaskResumeAll)
    xTimerCreateTimerTask                    0x0800668d   Thumb Code    78  timers.o(i.xTimerCreateTimerTask)
    xTimerGenericCommand                     0x080066ed   Thumb Code    98  timers.o(i.xTimerGenericCommand)
    defaultTask_attributes                   0x08006754   Data          36  main.o(.constdata)
    myTask02_attributes                      0x08006778   Data          36  main.o(.constdata)
    AHBPrescTable                            0x0800679c   Data          16  system_stm32f4xx.o(.constdata)
    APBPrescTable                            0x080067ac   Data           8  system_stm32f4xx.o(.constdata)
    BUTTON_IRQn                              0x080067b4   Data           1  stm32f429i_discovery.o(.constdata)
    BUTTON_PIN                               0x080067b6   Data           2  stm32f429i_discovery.o(.constdata)
    GPIO_PIN                                 0x080067b8   Data           4  stm32f429i_discovery.o(.constdata)
    Region$$Table$$Base                      0x080067d8   Number         0  anon$$obj.o(Region$$Table)
    Region$$Table$$Limit                     0x080067f8   Number         0  anon$$obj.o(Region$$Table)
    defaultTaskHandle                        0x20000000   Data           4  main.o(.data)
    myTask02Handle                           0x20000004   Data           4  main.o(.data)
    hcrc                                     0x20000008   Data           8  main.o(.data)
    Appli_state                              0x20000010   Data           1  usb_host.o(.data)
    uwTickFreq                               0x2000001c   Data           1  stm32f4xx_hal.o(.data)
    uwTickPrio                               0x20000020   Data           4  stm32f4xx_hal.o(.data)
    uwTick                                   0x20000024   Data           4  stm32f4xx_hal.o(.data)
    SystemCoreClock                          0x20000028   Data           4  system_stm32f4xx.o(.data)
    pxCurrentTCB                             0x2000002c   Data           4  tasks.o(.data)
    CDC_Class                                0x200000ac   Data          32  usbh_cdc.o(.data)
    BUTTON_PORT                              0x200000d0   Data           4  stm32f429i_discovery.o(.data)
    I2cxTimeout                              0x200000d4   Data           4  stm32f429i_discovery.o(.data)
    SpixTimeout                              0x200000d8   Data           4  stm32f429i_discovery.o(.data)
    GPIO_PORT                                0x200000dc   Data           8  stm32f429i_discovery.o(.data)
    __microlib_freelist                      0x200000e4   Data           4  mvars.o(.data)
    __microlib_freelist_initialised          0x200000e8   Data           4  mvars.o(.data)
    hdma2d                                   0x200000ec   Data          64  main.o(.bss)
    hi2c3                                    0x2000012c   Data          84  main.o(.bss)
    hltdc                                    0x20000180   Data         168  main.o(.bss)
    hspi5                                    0x20000228   Data          88  main.o(.bss)
    htim1                                    0x20000280   Data          72  main.o(.bss)
    huart1                                   0x200002c8   Data          68  main.o(.bss)
    hsdram1                                  0x2000030c   Data          52  main.o(.bss)
    hUsbHostHS                               0x20000340   Data         996  usb_host.o(.bss)
    hhcd_USB_OTG_HS                          0x20000724   Data         772  usbh_conf.o(.bss)
    htim6                                    0x20000a28   Data          72  stm32f4xx_hal_timebase_tim.o(.bss)
    xQueueRegistry                           0x20000a70   Data          64  queue.o(.bss)
    USBH_Thread_Atrr                         0x2000974c   Data          36  usbh_core.o(.bss)
    __heap_base                              0x20009770   Data           0  startup_stm32f429xx.o(HEAP)
    __heap_limit                             0x20009970   Data           0  startup_stm32f429xx.o(HEAP)
    __initial_sp                             0x20009d70   Data           0  startup_stm32f429xx.o(STACK)



==============================================================================

Memory Map of the image

  Image Entry point : 0x080001ad

  Load Region LR_IROM1 (Base: 0x08000000, Size: 0x000068e4, Max: 0x00200000, ABSOLUTE)

    Execution Region ER_IROM1 (Exec base: 0x08000000, Load base: 0x08000000, Size: 0x000067f8, Max: 0x00200000, ABSOLUTE)

    Exec Addr    Load Addr    Size         Type   Attr      Idx    E Section Name        Object

    0x08000000   0x08000000   0x000001ac   Data   RO            3    RESET               startup_stm32f429xx.o
    0x080001ac   0x080001ac   0x00000000   Code   RO         9058  * .ARM.Collect$$$$00000000  mc_w.l(entry.o)
    0x080001ac   0x080001ac   0x00000004   Code   RO         9099    .ARM.Collect$$$$00000001  mc_w.l(entry2.o)
    0x080001b0   0x080001b0   0x00000004   Code   RO         9102    .ARM.Collect$$$$00000004  mc_w.l(entry5.o)
    0x080001b4   0x080001b4   0x00000000   Code   RO         9104    .ARM.Collect$$$$00000008  mc_w.l(entry7b.o)
    0x080001b4   0x080001b4   0x00000000   Code   RO         9106    .ARM.Collect$$$$0000000A  mc_w.l(entry8b.o)
    0x080001b4   0x080001b4   0x00000008   Code   RO         9107    .ARM.Collect$$$$0000000B  mc_w.l(entry9a.o)
    0x080001bc   0x080001bc   0x00000000   Code   RO         9109    .ARM.Collect$$$$0000000D  mc_w.l(entry10a.o)
    0x080001bc   0x080001bc   0x00000000   Code   RO         9111    .ARM.Collect$$$$0000000F  mc_w.l(entry11a.o)
    0x080001bc   0x080001bc   0x00000004   Code   RO         9100    .ARM.Collect$$$$00002712  mc_w.l(entry2.o)
    0x080001c0   0x080001c0   0x000000be   Code   RO         7293    .emb_text           port.o
    0x0800027e   0x0800027e   0x00000002   PAD
    0x08000280   0x08000280   0x00000024   Code   RO            4    .text               startup_stm32f429xx.o
    0x080002a4   0x080002a4   0x00000062   Code   RO         9061    .text               mc_w.l(uldiv.o)
    0x08000306   0x08000306   0x00000024   Code   RO         9063    .text               mc_w.l(memcpya.o)
    0x0800032a   0x0800032a   0x00000024   Code   RO         9067    .text               mc_w.l(memseta.o)
    0x0800034e   0x0800034e   0x0000001e   Code   RO         9113    .text               mc_w.l(llshl.o)
    0x0800036c   0x0800036c   0x00000020   Code   RO         9115    .text               mc_w.l(llushr.o)
    0x0800038c   0x0800038c   0x00000024   Code   RO         9119    .text               mc_w.l(init.o)
    0x080003b0   0x080003b0   0x00000018   Code   RO         7853    i.BSP_LED_Toggle    stm32f429i_discovery.o
    0x080003c8   0x080003c8   0x00000002   Code   RO          598    i.BusFault_Handler  stm32f4xx_it.o
    0x080003ca   0x080003ca   0x00000080   Code   RO         7730    i.CDC_ProcessReception  usbh_cdc.o
    0x0800044a   0x0800044a   0x000000a4   Code   RO         7731    i.CDC_ProcessTransmission  usbh_cdc.o
    0x080004ee   0x080004ee   0x00000002   PAD
    0x080004f0   0x080004f0   0x0000000c   Code   RO          599    i.DMA2D_IRQHandler  stm32f4xx_it.o
    0x080004fc   0x080004fc   0x00000050   Code   RO         7373    i.DeInitStateMachine  usbh_core.o
    0x0800054c   0x0800054c   0x00000002   Code   RO          600    i.DebugMon_Handler  stm32f4xx_it.o
    0x0800054e   0x0800054e   0x00000004   Code   RO           13    i.Error_Handler     main.o
    0x08000552   0x08000552   0x00000050   Code   RO         2829    i.FMC_SDRAM_Init    stm32f4xx_ll_fmc.o
    0x080005a2   0x080005a2   0x00000002   PAD
    0x080005a4   0x080005a4   0x00000080   Code   RO         2833    i.FMC_SDRAM_Timing_Init  stm32f4xx_ll_fmc.o
    0x08000624   0x08000624   0x00000016   Code   RO         7732    i.GetLineCoding     usbh_cdc.o
    0x0800063a   0x0800063a   0x00000022   Code   RO         2544    i.HAL_CRC_Init      stm32f4xx_hal_crc.o
    0x0800065c   0x0800065c   0x00000028   Code   RO          681    i.HAL_CRC_MspInit   stm32f4xx_hal_msp.o
    0x08000684   0x08000684   0x00000002   Code   RO         2606    i.HAL_DMA2D_CLUTLoadingCpltCallback  stm32f4xx_hal_dma2d.o
    0x08000686   0x08000686   0x00000002   PAD
    0x08000688   0x08000688   0x000000a4   Code   RO         2614    i.HAL_DMA2D_ConfigLayer  stm32f4xx_hal_dma2d.o
    0x0800072c   0x0800072c   0x0000011e   Code   RO         2621    i.HAL_DMA2D_IRQHandler  stm32f4xx_hal_dma2d.o
    0x0800084a   0x0800084a   0x0000005a   Code   RO         2622    i.HAL_DMA2D_Init    stm32f4xx_hal_dma2d.o
    0x080008a4   0x080008a4   0x00000002   Code   RO         2623    i.HAL_DMA2D_LineEventCallback  stm32f4xx_hal_dma2d.o
    0x080008a6   0x080008a6   0x00000002   PAD
    0x080008a8   0x080008a8   0x0000003c   Code   RO          683    i.HAL_DMA2D_MspInit  stm32f4xx_hal_msp.o
    0x080008e4   0x080008e4   0x00000024   Code   RO         2277    i.HAL_Delay         stm32f4xx_hal.o
    0x08000908   0x08000908   0x000000dc   Code   RO          684    i.HAL_FMC_MspInit   stm32f4xx_hal_msp.o
    0x080009e4   0x080009e4   0x00000230   Code   RO         1733    i.HAL_GPIO_Init     stm32f4xx_hal_gpio.o
    0x08000c14   0x08000c14   0x00000010   Code   RO         1736    i.HAL_GPIO_TogglePin  stm32f4xx_hal_gpio.o
    0x08000c24   0x08000c24   0x0000000a   Code   RO         1737    i.HAL_GPIO_WritePin  stm32f4xx_hal_gpio.o
    0x08000c2e   0x08000c2e   0x00000002   PAD
    0x08000c30   0x08000c30   0x0000000c   Code   RO         2285    i.HAL_GetTick       stm32f4xx_hal.o
    0x08000c3c   0x08000c3c   0x00000008   Code   RO          387    i.HAL_HCD_Connect_Callback  usbh_conf.o
    0x08000c44   0x08000c44   0x00000008   Code   RO          388    i.HAL_HCD_Disconnect_Callback  usbh_conf.o
    0x08000c4c   0x08000c4c   0x00000006   Code   RO          849    i.HAL_HCD_GetCurrentFrame  stm32f4xx_hal_hcd.o
    0x08000c52   0x08000c52   0x00000006   Code   RO          850    i.HAL_HCD_GetCurrentSpeed  stm32f4xx_hal_hcd.o
    0x08000c58   0x08000c58   0x00000012   Code   RO          853    i.HAL_HCD_HC_GetURBState  stm32f4xx_hal_hcd.o
    0x08000c6a   0x08000c6a   0x00000010   Code   RO          854    i.HAL_HCD_HC_GetXferCount  stm32f4xx_hal_hcd.o
    0x08000c7a   0x08000c7a   0x00000024   Code   RO          855    i.HAL_HCD_HC_Halt   stm32f4xx_hal_hcd.o
    0x08000c9e   0x08000c9e   0x00000076   Code   RO          856    i.HAL_HCD_HC_Init   stm32f4xx_hal_hcd.o
    0x08000d14   0x08000d14   0x00000008   Code   RO          389    i.HAL_HCD_HC_NotifyURBChange_Callback  usbh_conf.o
    0x08000d1c   0x08000d1c   0x0000009a   Code   RO          858    i.HAL_HCD_HC_SubmitRequest  stm32f4xx_hal_hcd.o
    0x08000db6   0x08000db6   0x0000012e   Code   RO          859    i.HAL_HCD_IRQHandler  stm32f4xx_hal_hcd.o
    0x08000ee4   0x08000ee4   0x00000072   Code   RO          860    i.HAL_HCD_Init      stm32f4xx_hal_hcd.o
    0x08000f56   0x08000f56   0x00000002   PAD
    0x08000f58   0x08000f58   0x00000088   Code   RO          391    i.HAL_HCD_MspInit   usbh_conf.o
    0x08000fe0   0x08000fe0   0x00000008   Code   RO          392    i.HAL_HCD_PortDisabled_Callback  usbh_conf.o
    0x08000fe8   0x08000fe8   0x00000008   Code   RO          393    i.HAL_HCD_PortEnabled_Callback  usbh_conf.o
    0x08000ff0   0x08000ff0   0x00000006   Code   RO          865    i.HAL_HCD_ResetPort  stm32f4xx_hal_hcd.o
    0x08000ff6   0x08000ff6   0x00000008   Code   RO          394    i.HAL_HCD_SOF_Callback  usbh_conf.o
    0x08000ffe   0x08000ffe   0x0000002c   Code   RO          867    i.HAL_HCD_Start     stm32f4xx_hal_hcd.o
    0x0800102a   0x0800102a   0x00000024   Code   RO          868    i.HAL_HCD_Stop      stm32f4xx_hal_hcd.o
    0x0800104e   0x0800104e   0x00000042   Code   RO         3572    i.HAL_I2CEx_ConfigAnalogFilter  stm32f4xx_hal_i2c_ex.o
    0x08001090   0x08001090   0x0000003e   Code   RO         3573    i.HAL_I2CEx_ConfigDigitalFilter  stm32f4xx_hal_i2c_ex.o
    0x080010ce   0x080010ce   0x00000002   PAD
    0x080010d0   0x080010d0   0x00000188   Code   RO         3156    i.HAL_I2C_Init      stm32f4xx_hal_i2c.o
    0x08001258   0x08001258   0x00000090   Code   RO          686    i.HAL_I2C_MspInit   stm32f4xx_hal_msp.o
    0x080012e8   0x080012e8   0x00000010   Code   RO         2291    i.HAL_IncTick       stm32f4xx_hal.o
    0x080012f8   0x080012f8   0x00000034   Code   RO         2292    i.HAL_Init          stm32f4xx_hal.o
    0x0800132c   0x0800132c   0x00000074   Code   RO          807    i.HAL_InitTick      stm32f4xx_hal_timebase_tim.o
    0x080013a0   0x080013a0   0x00000052   Code   RO         3605    i.HAL_LTDC_ConfigLayer  stm32f4xx_hal_ltdc.o
    0x080013f2   0x080013f2   0x00000002   Code   RO         3618    i.HAL_LTDC_ErrorCallback  stm32f4xx_hal_ltdc.o
    0x080013f4   0x080013f4   0x000000ca   Code   RO         3621    i.HAL_LTDC_IRQHandler  stm32f4xx_hal_ltdc.o
    0x080014be   0x080014be   0x00000002   PAD
    0x080014c0   0x080014c0   0x000000f4   Code   RO         3622    i.HAL_LTDC_Init     stm32f4xx_hal_ltdc.o
    0x080015b4   0x080015b4   0x00000002   Code   RO         3623    i.HAL_LTDC_LineEventCallback  stm32f4xx_hal_ltdc.o
    0x080015b6   0x080015b6   0x00000002   PAD
    0x080015b8   0x080015b8   0x00000184   Code   RO          688    i.HAL_LTDC_MspInit  stm32f4xx_hal_msp.o
    0x0800173c   0x0800173c   0x00000002   Code   RO         3628    i.HAL_LTDC_ReloadEventCallback  stm32f4xx_hal_ltdc.o
    0x0800173e   0x0800173e   0x00000002   PAD
    0x08001740   0x08001740   0x00000038   Code   RO          689    i.HAL_MspInit       stm32f4xx_hal_msp.o
    0x08001778   0x08001778   0x0000001a   Code   RO         2140    i.HAL_NVIC_EnableIRQ  stm32f4xx_hal_cortex.o
    0x08001792   0x08001792   0x00000002   PAD
    0x08001794   0x08001794   0x00000040   Code   RO         2146    i.HAL_NVIC_SetPriority  stm32f4xx_hal_cortex.o
    0x080017d4   0x080017d4   0x00000024   Code   RO         2147    i.HAL_NVIC_SetPriorityGrouping  stm32f4xx_hal_cortex.o
    0x080017f8   0x080017f8   0x00000254   Code   RO         1434    i.HAL_RCCEx_PeriphCLKConfig  stm32f4xx_hal_rcc_ex.o
    0x08001a4c   0x08001a4c   0x00000134   Code   RO         1327    i.HAL_RCC_ClockConfig  stm32f4xx_hal_rcc.o
    0x08001b80   0x08001b80   0x00000040   Code   RO         1331    i.HAL_RCC_GetClockConfig  stm32f4xx_hal_rcc.o
    0x08001bc0   0x08001bc0   0x00000020   Code   RO         1334    i.HAL_RCC_GetPCLK1Freq  stm32f4xx_hal_rcc.o
    0x08001be0   0x08001be0   0x00000020   Code   RO         1335    i.HAL_RCC_GetPCLK2Freq  stm32f4xx_hal_rcc.o
    0x08001c00   0x08001c00   0x00000060   Code   RO         1336    i.HAL_RCC_GetSysClockFreq  stm32f4xx_hal_rcc.o
    0x08001c60   0x08001c60   0x0000036c   Code   RO         1339    i.HAL_RCC_OscConfig  stm32f4xx_hal_rcc.o
    0x08001fcc   0x08001fcc   0x00000042   Code   RO         2995    i.HAL_SDRAM_Init    stm32f4xx_hal_sdram.o
    0x0800200e   0x0800200e   0x00000004   Code   RO          691    i.HAL_SDRAM_MspInit  stm32f4xx_hal_msp.o
    0x08002012   0x08002012   0x000000bc   Code   RO         3906    i.HAL_SPI_Init      stm32f4xx_hal_spi.o
    0x080020ce   0x080020ce   0x00000002   PAD
    0x080020d0   0x080020d0   0x00000068   Code   RO          693    i.HAL_SPI_MspInit   stm32f4xx_hal_msp.o
    0x08002138   0x08002138   0x00000002   Code   RO         4923    i.HAL_TIMEx_BreakCallback  stm32f4xx_hal_tim_ex.o
    0x0800213a   0x0800213a   0x00000002   Code   RO         4924    i.HAL_TIMEx_CommutCallback  stm32f4xx_hal_tim_ex.o
    0x0800213c   0x0800213c   0x00000090   Code   RO         4942    i.HAL_TIMEx_MasterConfigSynchronization  stm32f4xx_hal_tim_ex.o
    0x080021cc   0x080021cc   0x0000005a   Code   RO         4219    i.HAL_TIM_Base_Init  stm32f4xx_hal_tim.o
    0x08002226   0x08002226   0x00000002   PAD
    0x08002228   0x08002228   0x00000028   Code   RO          695    i.HAL_TIM_Base_MspInit  stm32f4xx_hal_msp.o
    0x08002250   0x08002250   0x00000080   Code   RO         4224    i.HAL_TIM_Base_Start_IT  stm32f4xx_hal_tim.o
    0x080022d0   0x080022d0   0x000000d6   Code   RO         4228    i.HAL_TIM_ConfigClockSource  stm32f4xx_hal_tim.o
    0x080023a6   0x080023a6   0x00000002   Code   RO         4253    i.HAL_TIM_IC_CaptureCallback  stm32f4xx_hal_tim.o
    0x080023a8   0x080023a8   0x00000166   Code   RO         4267    i.HAL_TIM_IRQHandler  stm32f4xx_hal_tim.o
    0x0800250e   0x0800250e   0x00000002   Code   RO         4270    i.HAL_TIM_OC_DelayElapsedCallback  stm32f4xx_hal_tim.o
    0x08002510   0x08002510   0x00000002   Code   RO         4297    i.HAL_TIM_PWM_PulseFinishedCallback  stm32f4xx_hal_tim.o
    0x08002512   0x08002512   0x00000002   PAD
    0x08002514   0x08002514   0x00000014   Code   RO           14    i.HAL_TIM_PeriodElapsedCallback  main.o
    0x08002528   0x08002528   0x00000002   Code   RO         4310    i.HAL_TIM_TriggerCallback  stm32f4xx_hal_tim.o
    0x0800252a   0x0800252a   0x00000062   Code   RO         5219    i.HAL_UART_Init     stm32f4xx_hal_uart.o
    0x0800258c   0x0800258c   0x0000006c   Code   RO          697    i.HAL_UART_MspInit  stm32f4xx_hal_msp.o
    0x080025f8   0x080025f8   0x0000027c   Code   RO          870    i.HCD_HC_IN_IRQHandler  stm32f4xx_hal_hcd.o
    0x08002874   0x08002874   0x0000029a   Code   RO          871    i.HCD_HC_OUT_IRQHandler  stm32f4xx_hal_hcd.o
    0x08002b0e   0x08002b0e   0x00000094   Code   RO          872    i.HCD_Port_IRQHandler  stm32f4xx_hal_hcd.o
    0x08002ba2   0x08002ba2   0x0000008c   Code   RO          873    i.HCD_RXQLVL_IRQHandler  stm32f4xx_hal_hcd.o
    0x08002c2e   0x08002c2e   0x00000002   Code   RO          601    i.HardFault_Handler  stm32f4xx_it.o
    0x08002c30   0x08002c30   0x0000000c   Code   RO          602    i.LTDC_IRQHandler   stm32f4xx_it.o
    0x08002c3c   0x08002c3c   0x00000162   Code   RO         3641    i.LTDC_SetConfig    stm32f4xx_hal_ltdc.o
    0x08002d9e   0x08002d9e   0x00000002   PAD
    0x08002da0   0x08002da0   0x0000003c   Code   RO           15    i.MX_DMA2D_Init     main.o
    0x08002ddc   0x08002ddc   0x00000014   Code   RO          574    i.MX_DriverVbusHS   usbh_platform.o
    0x08002df0   0x08002df0   0x00000068   Code   RO           16    i.MX_FMC_Init       main.o
    0x08002e58   0x08002e58   0x0000017c   Code   RO           17    i.MX_GPIO_Init      main.o
    0x08002fd4   0x08002fd4   0x00000058   Code   RO           18    i.MX_I2C3_Init      main.o
    0x0800302c   0x0800302c   0x000000b0   Code   RO           19    i.MX_LTDC_Init      main.o
    0x080030dc   0x080030dc   0x00000044   Code   RO           20    i.MX_SPI5_Init      main.o
    0x08003120   0x08003120   0x00000068   Code   RO           21    i.MX_TIM1_Init      main.o
    0x08003188   0x08003188   0x00000040   Code   RO          321    i.MX_USB_HOST_Init  usb_host.o
    0x080031c8   0x080031c8   0x00000002   Code   RO          603    i.MemManage_Handler  stm32f4xx_it.o
    0x080031ca   0x080031ca   0x00000002   Code   RO          604    i.NMI_Handler       stm32f4xx_it.o
    0x080031cc   0x080031cc   0x0000000c   Code   RO          605    i.OTG_HS_IRQHandler  stm32f4xx_it.o
    0x080031d8   0x080031d8   0x00000016   Code   RO           22    i.StartDefaultTask  main.o
    0x080031ee   0x080031ee   0x00000002   Code   RO           23    i.StartTask02       main.o
    0x080031f0   0x080031f0   0x0000001a   Code   RO         6719    i.SysTick_Handler   cmsis_os2.o
    0x0800320a   0x0800320a   0x00000002   PAD
    0x0800320c   0x0800320c   0x000000b4   Code   RO           24    i.SystemClock_Config  main.o
    0x080032c0   0x080032c0   0x00000010   Code   RO         5548    i.SystemInit        system_stm32f4xx.o
    0x080032d0   0x080032d0   0x0000000c   Code   RO          606    i.TIM6_DAC_IRQHandler  stm32f4xx_it.o
    0x080032dc   0x080032dc   0x000000c8   Code   RO         4312    i.TIM_Base_SetConfig  stm32f4xx_hal_tim.o
    0x080033a4   0x080033a4   0x00000014   Code   RO         4323    i.TIM_ETR_SetConfig  stm32f4xx_hal_tim.o
    0x080033b8   0x080033b8   0x00000010   Code   RO         4324    i.TIM_ITRx_SetConfig  stm32f4xx_hal_tim.o
    0x080033c8   0x080033c8   0x00000022   Code   RO         4330    i.TIM_TI1_ConfigInputStage  stm32f4xx_hal_tim.o
    0x080033ea   0x080033ea   0x00000024   Code   RO         4332    i.TIM_TI2_ConfigInputStage  stm32f4xx_hal_tim.o
    0x0800340e   0x0800340e   0x00000002   PAD
    0x08003410   0x08003410   0x0000010c   Code   RO         5245    i.UART_SetConfig    stm32f4xx_hal_uart.o
    0x0800351c   0x0800351c   0x00000038   Code   RO         7688    i.USBH_AllocPipe    usbh_pipes.o
    0x08003554   0x08003554   0x00000020   Code   RO         7616    i.USBH_BulkReceiveData  usbh_ioreq.o
    0x08003574   0x08003574   0x00000028   Code   RO         7617    i.USBH_BulkSendData  usbh_ioreq.o
    0x0800359c   0x0800359c   0x00000024   Code   RO         7733    i.USBH_CDC_ClassRequest  usbh_cdc.o
    0x080035c0   0x080035c0   0x0000005e   Code   RO         7736    i.USBH_CDC_InterfaceDeInit  usbh_cdc.o
    0x0800361e   0x0800361e   0x00000144   Code   RO         7737    i.USBH_CDC_InterfaceInit  usbh_cdc.o
    0x08003762   0x08003762   0x00000002   Code   RO         7738    i.USBH_CDC_LineCodingChanged  usbh_cdc.o
    0x08003764   0x08003764   0x000000b8   Code   RO         7739    i.USBH_CDC_Process  usbh_cdc.o
    0x0800381c   0x0800381c   0x00000002   Code   RO         7741    i.USBH_CDC_ReceiveCallback  usbh_cdc.o
    0x0800381e   0x0800381e   0x00000004   Code   RO         7742    i.USBH_CDC_SOFProcess  usbh_cdc.o
    0x08003822   0x08003822   0x00000002   Code   RO         7746    i.USBH_CDC_TransmitCallback  usbh_cdc.o
    0x08003824   0x08003824   0x0000000a   Code   RO         7689    i.USBH_ClosePipe    usbh_pipes.o
    0x0800382e   0x0800382e   0x0000001e   Code   RO         7522    i.USBH_ClrFeature   usbh_ctlreq.o
    0x0800384c   0x0800384c   0x0000001e   Code   RO         7618    i.USBH_CtlReceiveData  usbh_ioreq.o
    0x0800386a   0x0800386a   0x00000060   Code   RO         7523    i.USBH_CtlReq       usbh_ctlreq.o
    0x080038ca   0x080038ca   0x00000028   Code   RO         7619    i.USBH_CtlSendData  usbh_ioreq.o
    0x080038f2   0x080038f2   0x0000001e   Code   RO         7620    i.USBH_CtlSendSetup  usbh_ioreq.o
    0x08003910   0x08003910   0x00000004   Code   RO          395    i.USBH_Delay        usbh_conf.o
    0x08003914   0x08003914   0x00000044   Code   RO         7375    i.USBH_FindInterface  usbh_core.o
    0x08003958   0x08003958   0x00000018   Code   RO         7690    i.USBH_FreePipe     usbh_pipes.o
    0x08003970   0x08003970   0x00000034   Code   RO         7524    i.USBH_GetDescriptor  usbh_ctlreq.o
    0x080039a4   0x080039a4   0x0000000e   Code   RO         7525    i.USBH_GetNextDesc  usbh_ctlreq.o
    0x080039b2   0x080039b2   0x0000002c   Code   RO         7526    i.USBH_Get_CfgDesc  usbh_ctlreq.o
    0x080039de   0x080039de   0x00000090   Code   RO         7527    i.USBH_Get_DevDesc  usbh_ctlreq.o
    0x08003a6e   0x08003a6e   0x00000048   Code   RO         7528    i.USBH_Get_StringDesc  usbh_ctlreq.o
    0x08003ab6   0x08003ab6   0x00000018   Code   RO          396    i.USBH_Get_USB_Status  usbh_conf.o
    0x08003ace   0x08003ace   0x000001ac   Code   RO         7529    i.USBH_HandleControl  usbh_ctlreq.o
    0x08003c7a   0x08003c7a   0x00000002   PAD
    0x08003c7c   0x08003c7c   0x00000196   Code   RO         7378    i.USBH_HandleEnum   usbh_core.o
    0x08003e12   0x08003e12   0x00000002   PAD
    0x08003e14   0x08003e14   0x0000007c   Code   RO         7379    i.USBH_Init         usbh_core.o
    0x08003e90   0x08003e90   0x00000012   Code   RO          397    i.USBH_LL_ClosePipe  usbh_conf.o
    0x08003ea2   0x08003ea2   0x0000002a   Code   RO         7381    i.USBH_LL_Connect   usbh_core.o
    0x08003ecc   0x08003ecc   0x00000042   Code   RO         7382    i.USBH_LL_Disconnect  usbh_core.o
    0x08003f0e   0x08003f0e   0x00000018   Code   RO          399    i.USBH_LL_DriverVBUS  usbh_conf.o
    0x08003f26   0x08003f26   0x00000008   Code   RO          400    i.USBH_LL_GetLastXferSize  usbh_conf.o
    0x08003f2e   0x08003f2e   0x00000022   Code   RO          401    i.USBH_LL_GetSpeed  usbh_conf.o
    0x08003f50   0x08003f50   0x00000008   Code   RO          403    i.USBH_LL_GetURBState  usbh_conf.o
    0x08003f58   0x08003f58   0x0000001e   Code   RO         7383    i.USBH_LL_IncTimer  usbh_core.o
    0x08003f76   0x08003f76   0x00000002   PAD
    0x08003f78   0x08003f78   0x00000054   Code   RO          404    i.USBH_LL_Init      usbh_conf.o
    0x08003fcc   0x08003fcc   0x0000001e   Code   RO         7384    i.USBH_LL_NotifyURBChange  usbh_core.o
    0x08003fea   0x08003fea   0x0000001c   Code   RO          405    i.USBH_LL_OpenPipe  usbh_conf.o
    0x08004006   0x08004006   0x00000008   Code   RO         7385    i.USBH_LL_PortDisabled  usbh_core.o
    0x0800400e   0x0800400e   0x00000020   Code   RO         7386    i.USBH_LL_PortEnabled  usbh_core.o
    0x0800402e   0x0800402e   0x00000012   Code   RO          406    i.USBH_LL_ResetPort  usbh_conf.o
    0x08004040   0x08004040   0x00000006   Code   RO         7387    i.USBH_LL_SetTimer  usbh_core.o
    0x08004046   0x08004046   0x00000024   Code   RO          407    i.USBH_LL_SetToggle  usbh_conf.o
    0x0800406a   0x0800406a   0x00000012   Code   RO          408    i.USBH_LL_Start     usbh_conf.o
    0x0800407c   0x0800407c   0x00000012   Code   RO          409    i.USBH_LL_Stop      usbh_conf.o
    0x0800408e   0x0800408e   0x00000022   Code   RO          410    i.USBH_LL_SubmitURB  usbh_conf.o
    0x080040b0   0x080040b0   0x00000014   Code   RO         7691    i.USBH_OpenPipe     usbh_pipes.o
    0x080040c4   0x080040c4   0x000000dc   Code   RO         7530    i.USBH_ParseCfgDesc  usbh_ctlreq.o
    0x080041a0   0x080041a0   0x0000025c   Code   RO         7388    i.USBH_Process      usbh_core.o
    0x080043fc   0x080043fc   0x00000024   Code   RO         7389    i.USBH_Process_OS   usbh_core.o
    0x08004420   0x08004420   0x0000001c   Code   RO         7391    i.USBH_RegisterClass  usbh_core.o
    0x0800443c   0x0800443c   0x00000016   Code   RO         7392    i.USBH_SelectInterface  usbh_core.o
    0x08004452   0x08004452   0x0000001c   Code   RO         7531    i.USBH_SetAddress   usbh_ctlreq.o
    0x0800446e   0x0800446e   0x0000001c   Code   RO         7532    i.USBH_SetCfg       usbh_ctlreq.o
    0x0800448a   0x0800448a   0x0000001c   Code   RO         7533    i.USBH_SetFeature   usbh_ctlreq.o
    0x080044a6   0x080044a6   0x00000014   Code   RO         7393    i.USBH_Start        usbh_core.o
    0x080044ba   0x080044ba   0x00000002   PAD
    0x080044bc   0x080044bc   0x00000020   Code   RO          322    i.USBH_UserProcess  usb_host.o
    0x080044dc   0x080044dc   0x00000074   Code   RO         1033    i.USB_CoreInit      stm32f4xx_ll_usb.o
    0x08004550   0x08004550   0x00000038   Code   RO         1034    i.USB_CoreReset     stm32f4xx_ll_usb.o
    0x08004588   0x08004588   0x0000000c   Code   RO         1041    i.USB_DisableGlobalInt  stm32f4xx_ll_usb.o
    0x08004594   0x08004594   0x00000024   Code   RO         1042    i.USB_DoPing        stm32f4xx_ll_usb.o
    0x080045b8   0x080045b8   0x0000002c   Code   RO         1043    i.USB_DriveVbus     stm32f4xx_ll_usb.o
    0x080045e4   0x080045e4   0x0000000c   Code   RO         1049    i.USB_EnableGlobalInt  stm32f4xx_ll_usb.o
    0x080045f0   0x080045f0   0x00000020   Code   RO         1050    i.USB_FlushRxFifo   stm32f4xx_ll_usb.o
    0x08004610   0x08004610   0x00000024   Code   RO         1051    i.USB_FlushTxFifo   stm32f4xx_ll_usb.o
    0x08004634   0x08004634   0x00000008   Code   RO         1052    i.USB_GetCurrentFrame  stm32f4xx_ll_usb.o
    0x0800463c   0x0800463c   0x0000000e   Code   RO         1054    i.USB_GetHostSpeed  stm32f4xx_ll_usb.o
    0x0800464a   0x0800464a   0x00000008   Code   RO         1055    i.USB_GetMode       stm32f4xx_ll_usb.o
    0x08004652   0x08004652   0x000000d8   Code   RO         1056    i.USB_HC_Halt       stm32f4xx_ll_usb.o
    0x0800472a   0x0800472a   0x00000002   PAD
    0x0800472c   0x0800472c   0x000000fa   Code   RO         1057    i.USB_HC_Init       stm32f4xx_ll_usb.o
    0x08004826   0x08004826   0x00000008   Code   RO         1058    i.USB_HC_ReadInterrupt  stm32f4xx_ll_usb.o
    0x0800482e   0x0800482e   0x00000140   Code   RO         1059    i.USB_HC_StartXfer  stm32f4xx_ll_usb.o
    0x0800496e   0x0800496e   0x00000002   PAD
    0x08004970   0x08004970   0x000000d8   Code   RO         1060    i.USB_HostInit      stm32f4xx_ll_usb.o
    0x08004a48   0x08004a48   0x00000036   Code   RO         1061    i.USB_InitFSLSPClkSel  stm32f4xx_ll_usb.o
    0x08004a7e   0x08004a7e   0x00000008   Code   RO         1066    i.USB_ReadInterrupts  stm32f4xx_ll_usb.o
    0x08004a86   0x08004a86   0x0000001c   Code   RO         1067    i.USB_ReadPacket    stm32f4xx_ll_usb.o
    0x08004aa2   0x08004aa2   0x00000032   Code   RO         1068    i.USB_ResetPort     stm32f4xx_ll_usb.o
    0x08004ad4   0x08004ad4   0x0000002e   Code   RO         1069    i.USB_SetCurrentMode  stm32f4xx_ll_usb.o
    0x08004b02   0x08004b02   0x00000002   PAD
    0x08004b04   0x08004b04   0x0000007e   Code   RO         1074    i.USB_StopHost      stm32f4xx_ll_usb.o
    0x08004b82   0x08004b82   0x00000024   Code   RO         1075    i.USB_WritePacket   stm32f4xx_ll_usb.o
    0x08004ba6   0x08004ba6   0x00000002   Code   RO          607    i.UsageFault_Handler  stm32f4xx_it.o
    0x08004ba8   0x08004ba8   0x00000020   Code   RO         2153    i.__NVIC_SetPriority  stm32f4xx_hal_cortex.o
    0x08004bc8   0x08004bc8   0x0000000e   Code   RO         9123    i.__scatterload_copy  mc_w.l(handlers.o)
    0x08004bd6   0x08004bd6   0x00000002   Code   RO         9124    i.__scatterload_null  mc_w.l(handlers.o)
    0x08004bd8   0x08004bd8   0x0000000e   Code   RO         9125    i.__scatterload_zeroinit  mc_w.l(handlers.o)
    0x08004be6   0x08004be6   0x00000002   PAD
    0x08004be8   0x08004be8   0x00000050   Code   RO         9071    i.free              mc_w.l(malloc.o)
    0x08004c38   0x08004c38   0x000000a0   Code   RO           25    i.main              main.o
    0x08004cd8   0x08004cd8   0x0000006c   Code   RO         9072    i.malloc            mc_w.l(malloc.o)
    0x08004d44   0x08004d44   0x0000001a   Code   RO         6721    i.osDelay           cmsis_os2.o
    0x08004d5e   0x08004d5e   0x00000002   PAD
    0x08004d60   0x08004d60   0x00000024   Code   RO         6735    i.osKernelInitialize  cmsis_os2.o
    0x08004d84   0x08004d84   0x00000038   Code   RO         6738    i.osKernelStart     cmsis_os2.o
    0x08004dbc   0x08004dbc   0x00000064   Code   RO         6750    i.osMessageQueueGet  cmsis_os2.o
    0x08004e20   0x08004e20   0x00000058   Code   RO         6755    i.osMessageQueueNew  cmsis_os2.o
    0x08004e78   0x08004e78   0x00000068   Code   RO         6756    i.osMessageQueuePut  cmsis_os2.o
    0x08004ee0   0x08004ee0   0x0000008a   Code   RO         6780    i.osThreadNew       cmsis_os2.o
    0x08004f6a   0x08004f6a   0x00000002   PAD
    0x08004f6c   0x08004f6c   0x0000005c   Code   RO         6156    i.prvAddCurrentTaskToDelayedList  tasks.o
    0x08004fc8   0x08004fc8   0x000000d0   Code   RO         6157    i.prvAddNewTaskToReadyList  tasks.o
    0x08005098   0x08005098   0x00000058   Code   RO         6545    i.prvCheckForValidListAndQueue  timers.o
    0x080050f0   0x080050f0   0x00000026   Code   RO         5753    i.prvCopyDataFromQueue  queue.o
    0x08005116   0x08005116   0x0000006c   Code   RO         5754    i.prvCopyDataToQueue  queue.o
    0x08005182   0x08005182   0x00000034   Code   RO         6158    i.prvDeleteTCB      tasks.o
    0x080051b6   0x080051b6   0x00000002   PAD
    0x080051b8   0x080051b8   0x0000004c   Code   RO         7238    i.prvHeapInit       heap_4.o
    0x08005204   0x08005204   0x00000064   Code   RO         6159    i.prvIdleTask       tasks.o
    0x08005268   0x08005268   0x00000022   Code   RO         5756    i.prvInitialiseNewQueue  queue.o
    0x0800528a   0x0800528a   0x00000002   PAD
    0x0800528c   0x0800528c   0x000000b2   Code   RO         6160    i.prvInitialiseNewTask  tasks.o
    0x0800533e   0x0800533e   0x00000002   PAD
    0x08005340   0x08005340   0x0000004c   Code   RO         7239    i.prvInsertBlockIntoFreeList  heap_4.o
    0x0800538c   0x0800538c   0x00000038   Code   RO         6547    i.prvInsertTimerInActiveList  timers.o
    0x080053c4   0x080053c4   0x0000001c   Code   RO         5757    i.prvIsQueueEmpty   queue.o
    0x080053e0   0x080053e0   0x000000fc   Code   RO         6548    i.prvProcessReceivedCommands  timers.o
    0x080054dc   0x080054dc   0x000000c0   Code   RO         6549    i.prvProcessTimerOrBlockTask  timers.o
    0x0800559c   0x0800559c   0x00000020   Code   RO         6162    i.prvResetNextTaskUnblockTime  tasks.o
    0x080055bc   0x080055bc   0x00000028   Code   RO         6550    i.prvSampleTimeNow  timers.o
    0x080055e4   0x080055e4   0x0000006c   Code   RO         6551    i.prvSwitchTimerLists  timers.o
    0x08005650   0x08005650   0x00000028   Code   RO         7294    i.prvTaskExitError  port.o
    0x08005678   0x08005678   0x00000024   Code   RO         6552    i.prvTimerTask      timers.o
    0x0800569c   0x0800569c   0x0000006a   Code   RO         5758    i.prvUnlockQueue    queue.o
    0x08005706   0x08005706   0x00000002   PAD
    0x08005708   0x08005708   0x000000e8   Code   RO         7240    i.pvPortMalloc      heap_4.o
    0x080057f0   0x080057f0   0x0000002c   Code   RO         7295    i.pxPortInitialiseStack  port.o
    0x0800581c   0x0800581c   0x00000026   Code   RO         5713    i.uxListRemove      list.o
    0x08005842   0x08005842   0x00000002   PAD
    0x08005844   0x08005844   0x00000014   Code   RO         6792    i.vApplicationGetIdleTaskMemory  cmsis_os2.o
    0x08005858   0x08005858   0x00000018   Code   RO         6793    i.vApplicationGetTimerTaskMemory  cmsis_os2.o
    0x08005870   0x08005870   0x00000002   Code   RO          277    i.vApplicationIdleHook  freertos.o
    0x08005872   0x08005872   0x00000002   Code   RO          278    i.vApplicationMallocFailedHook  freertos.o
    0x08005874   0x08005874   0x00000002   Code   RO          279    i.vApplicationStackOverflowHook  freertos.o
    0x08005876   0x08005876   0x00000016   Code   RO         5714    i.vListInitialise   list.o
    0x0800588c   0x0800588c   0x00000006   Code   RO         5715    i.vListInitialiseItem  list.o
    0x08005892   0x08005892   0x00000030   Code   RO         5716    i.vListInsert       list.o
    0x080058c2   0x080058c2   0x00000018   Code   RO         5717    i.vListInsertEnd    list.o
    0x080058da   0x080058da   0x00000002   PAD
    0x080058dc   0x080058dc   0x00000040   Code   RO         7297    i.vPortEnterCritical  port.o
    0x0800591c   0x0800591c   0x00000028   Code   RO         7298    i.vPortExitCritical  port.o
    0x08005944   0x08005944   0x00000064   Code   RO         7241    i.vPortFree         heap_4.o
    0x080059a8   0x080059a8   0x00000024   Code   RO         7299    i.vPortSetupTimerInterrupt  port.o
    0x080059cc   0x080059cc   0x00000054   Code   RO         7300    i.vPortValidateInterruptPriority  port.o
    0x08005a20   0x08005a20   0x00000028   Code   RO         5764    i.vQueueAddToRegistry  queue.o
    0x08005a48   0x08005a48   0x00000044   Code   RO         5768    i.vQueueWaitForMessageRestricted  queue.o
    0x08005a8c   0x08005a8c   0x0000004c   Code   RO         6175    i.vTaskDelay        tasks.o
    0x08005ad8   0x08005ad8   0x00000010   Code   RO         6180    i.vTaskInternalSetTimeOutState  tasks.o
    0x08005ae8   0x08005ae8   0x0000000c   Code   RO         6181    i.vTaskMissedYield  tasks.o
    0x08005af4   0x08005af4   0x00000030   Code   RO         6183    i.vTaskPlaceOnEventList  tasks.o
    0x08005b24   0x08005b24   0x00000038   Code   RO         6184    i.vTaskPlaceOnEventListRestricted  tasks.o
    0x08005b5c   0x08005b5c   0x00000088   Code   RO         6193    i.vTaskStartScheduler  tasks.o
    0x08005be4   0x08005be4   0x00000010   Code   RO         6195    i.vTaskSuspendAll   tasks.o
    0x08005bf4   0x08005bf4   0x0000008c   Code   RO         6196    i.vTaskSwitchContext  tasks.o
    0x08005c80   0x08005c80   0x000000f4   Code   RO         7301    i.xPortStartScheduler  port.o
    0x08005d74   0x08005d74   0x0000002c   Code   RO         7302    i.xPortSysTickHandler  port.o
    0x08005da0   0x08005da0   0x00000042   Code   RO         5773    i.xQueueGenericCreate  queue.o
    0x08005de2   0x08005de2   0x00000066   Code   RO         5774    i.xQueueGenericCreateStatic  queue.o
    0x08005e48   0x08005e48   0x00000088   Code   RO         5775    i.xQueueGenericReset  queue.o
    0x08005ed0   0x08005ed0   0x00000160   Code   RO         5776    i.xQueueGenericSend  queue.o
    0x08006030   0x08006030   0x000000be   Code   RO         5777    i.xQueueGenericSendFromISR  queue.o
    0x080060ee   0x080060ee   0x00000002   PAD
    0x080060f0   0x080060f0   0x00000138   Code   RO         5786    i.xQueueReceive     queue.o
    0x08006228   0x08006228   0x0000009a   Code   RO         5787    i.xQueueReceiveFromISR  queue.o
    0x080062c2   0x080062c2   0x00000002   PAD
    0x080062c4   0x080062c4   0x00000074   Code   RO         6199    i.xTaskCheckForTimeOut  tasks.o
    0x08006338   0x08006338   0x0000005a   Code   RO         6200    i.xTaskCreate       tasks.o
    0x08006392   0x08006392   0x00000056   Code   RO         6201    i.xTaskCreateStatic  tasks.o
    0x080063e8   0x080063e8   0x0000001c   Code   RO         6207    i.xTaskGetSchedulerState  tasks.o
    0x08006404   0x08006404   0x0000000c   Code   RO         6208    i.xTaskGetTickCount  tasks.o
    0x08006410   0x08006410   0x000000c8   Code   RO         6210    i.xTaskIncrementTick  tasks.o
    0x080064d8   0x080064d8   0x00000080   Code   RO         6213    i.xTaskPriorityDisinherit  tasks.o
    0x08006558   0x08006558   0x00000070   Code   RO         6215    i.xTaskRemoveFromEventList  tasks.o
    0x080065c8   0x080065c8   0x000000c4   Code   RO         6216    i.xTaskResumeAll    tasks.o
    0x0800668c   0x0800668c   0x00000060   Code   RO         6561    i.xTimerCreateTimerTask  timers.o
    0x080066ec   0x080066ec   0x00000068   Code   RO         6562    i.xTimerGenericCommand  timers.o
    0x08006754   0x08006754   0x00000048   Data   RO           27    .constdata          main.o
    0x0800679c   0x0800679c   0x00000010   Data   RO         5549    .constdata          system_stm32f4xx.o
    0x080067ac   0x080067ac   0x00000008   Data   RO         5550    .constdata          system_stm32f4xx.o
    0x080067b4   0x080067b4   0x00000008   Data   RO         7879    .constdata          stm32f429i_discovery.o
    0x080067bc   0x080067bc   0x00000018   Data   RO           28    .conststring        main.o
    0x080067d4   0x080067d4   0x00000004   Data   RO         7747    .conststring        usbh_cdc.o
    0x080067d8   0x080067d8   0x00000020   Data   RO         9121    Region$$Table       anon$$obj.o


    Execution Region RW_IRAM2 (Exec base: 0x10000000, Load base: 0x080068e4, Size: 0x00000000, Max: 0x00010000, ABSOLUTE)

    **** No section assigned to this execution region ****


    Execution Region RW_IRAM1 (Exec base: 0x20000000, Load base: 0x080067f8, Size: 0x00009d70, Max: 0x00030000, ABSOLUTE)

    Exec Addr    Load Addr    Size         Type   Attr      Idx    E Section Name        Object

    0x20000000   0x080067f8   0x00000010   Data   RW           29    .data               main.o
    0x20000010   0x08006808   0x00000001   Data   RW          324    .data               usb_host.o
    0x20000011   0x08006809   0x00000003   PAD
    0x20000014   0x0800680c   0x00000008   Data   RW          698    .data               stm32f4xx_hal_msp.o
    0x2000001c   0x08006814   0x0000000c   Data   RW         2299    .data               stm32f4xx_hal.o
    0x20000028   0x08006820   0x00000004   Data   RW         5551    .data               system_stm32f4xx.o
    0x2000002c   0x08006824   0x0000003c   Data   RW         6219    .data               tasks.o
    0x20000068   0x08006860   0x00000014   Data   RW         6570    .data               timers.o
    0x2000007c   0x08006874   0x00000004   Data   RW         6798    .data               cmsis_os2.o
    0x20000080   0x08006878   0x00000020   Data   RW         7247    .data               heap_4.o
    0x200000a0   0x08006898   0x0000000c   Data   RW         7303    .data               port.o
    0x200000ac   0x080068a4   0x00000020   Data   RW         7748    .data               usbh_cdc.o
    0x200000cc   0x080068c4   0x00000018   Data   RW         7880    .data               stm32f429i_discovery.o
    0x200000e4   0x080068dc   0x00000004   Data   RW         9117    .data               mc_w.l(mvars.o)
    0x200000e8   0x080068e0   0x00000004   Data   RW         9118    .data               mc_w.l(mvars.o)
    0x200000ec        -       0x00000254   Zero   RW           26    .bss                main.o
    0x20000340        -       0x000003e4   Zero   RW          323    .bss                usb_host.o
    0x20000724        -       0x00000304   Zero   RW          411    .bss                usbh_conf.o
    0x20000a28        -       0x00000048   Zero   RW          810    .bss                stm32f4xx_hal_timebase_tim.o
    0x20000a70        -       0x00000040   Zero   RW         5790    .bss                queue.o
    0x20000ab0        -       0x000004c4   Zero   RW         6218    .bss                tasks.o
    0x20000f74        -       0x00000118   Zero   RW         6569    .bss                timers.o
    0x2000108c        -       0x000006c0   Zero   RW         6797    .bss                cmsis_os2.o
    0x2000174c        -       0x00008000   Zero   RW         7246    .bss                heap_4.o
    0x2000974c        -       0x00000024   Zero   RW         7395    .bss                usbh_core.o
    0x20009770        -       0x00000200   Zero   RW            2    HEAP                startup_stm32f429xx.o
    0x20009970        -       0x00000400   Zero   RW            1    STACK               startup_stm32f429xx.o


==============================================================================

Image component sizes


      Code (inc. data)   RO Data    RW Data    ZI Data      Debug   Object Name

       618         30          0          4       1728      53623   cmsis_os2.o
         0          0          0          0          0      19292   event_groups.o
         6          0          0          0          0       1410   freertos.o
       484         26          0         32      32768       4819   heap_4.o
       138          0          0          0          0       3462   list.o
      1368        128         96         16        596     822882   main.o
       786         82          0         12          0      11345   port.o
      1734         20          0          0         64      19685   queue.o
        36          8        428          0       1536        824   startup_stm32f429xx.o
        24          8          8         24          0       7623   stm32f429i_discovery.o
       116         18          0         12          0       8766   stm32f4xx_hal.o
       158         14          0          0          0      33086   stm32f4xx_hal_cortex.o
        34          0          0          0          0       1019   stm32f4xx_hal_crc.o
       544          6          0          0          0       4186   stm32f4xx_hal_dma2d.o
       586         52          0          0          0       2801   stm32f4xx_hal_gpio.o
      2446          0          0          0          0      13753   stm32f4xx_hal_hcd.o
       392         16          0          0          0       3079   stm32f4xx_hal_i2c.o
       128          0          0          0          0       1819   stm32f4xx_hal_i2c_ex.o
       888          6          0          0          0       5342   stm32f4xx_hal_ltdc.o
      1164        142          0          8          0       7033   stm32f4xx_hal_msp.o
      1408         82          0          0          0       5805   stm32f4xx_hal_rcc.o
       596         36          0          0          0       1584   stm32f4xx_hal_rcc_ex.o
        66          0          0          0          0       1165   stm32f4xx_hal_sdram.o
       188          0          0          0          0       1171   stm32f4xx_hal_spi.o
      1104         72          0          0          0       9941   stm32f4xx_hal_tim.o
       148         28          0          0          0       2401   stm32f4xx_hal_tim_ex.o
       116         16          0          0         72       1355   stm32f4xx_hal_timebase_tim.o
       366         10          0          0          0       1948   stm32f4xx_hal_uart.o
        60         24          0          0          0       4436   stm32f4xx_it.o
       208          4          0          0          0       1945   stm32f4xx_ll_fmc.o
      1732         46          0          0          0      18007   stm32f4xx_ll_usb.o
         0          0          0          0          0       9360   stream_buffer.o
        16          4         24          4          0       1067   system_stm32f4xx.o
      2130        166          0         60       1220      26704   tasks.o
       972         80          0         20        280      31815   timers.o
        96         16          0          1        996       9456   usb_host.o
       962          6          4         32          0      12620   usbh_cdc.o
       540         20          0          0        772      12445   usbh_conf.o
      1602         40          0          0         36      12694   usbh_core.o
      1184         12          0          0          0      10450   usbh_ctlreq.o
       172          0          0          0          0       4272   usbh_ioreq.o
       110          0          0          0          0       3286   usbh_pipes.o
        20          4          0          0          0        506   usbh_platform.o

    ----------------------------------------------------------------------
     25516       1222        592        228      40068    1210282   Object Totals
         0          0         32          0          0          0   (incl. Generated)
        70          0          0          3          0          0   (incl. Padding)

    ----------------------------------------------------------------------

      Code (inc. data)   RO Data    RW Data    ZI Data      Debug   Library Member Name

         0          0          0          0          0          0   entry.o
         0          0          0          0          0          0   entry10a.o
         0          0          0          0          0          0   entry11a.o
         8          4          0          0          0          0   entry2.o
         4          0          0          0          0          0   entry5.o
         0          0          0          0          0          0   entry7b.o
         0          0          0          0          0          0   entry8b.o
         8          4          0          0          0          0   entry9a.o
        30          0          0          0          0          0   handlers.o
        36          8          0          0          0         68   init.o
        30          0          0          0          0         68   llshl.o
        32          0          0          0          0         68   llushr.o
       188         20          0          0          0        160   malloc.o
        36          0          0          0          0         68   memcpya.o
        36          0          0          0          0        108   memseta.o
         0          0          0          8          0          0   mvars.o
        98          0          0          0          0         92   uldiv.o

    ----------------------------------------------------------------------
       508         36          0          8          0        632   Library Totals
         2          0          0          0          0          0   (incl. Padding)

    ----------------------------------------------------------------------

      Code (inc. data)   RO Data    RW Data    ZI Data      Debug   Library Name

       506         36          0          8          0        632   mc_w.l

    ----------------------------------------------------------------------
       508         36          0          8          0        632   Library Totals

    ----------------------------------------------------------------------

==============================================================================


      Code (inc. data)   RO Data    RW Data    ZI Data      Debug   

     26024       1258        592        236      40068    1183758   Grand Totals
     26024       1258        592        236      40068    1183758   ELF Image Totals
     26024       1258        592        236          0          0   ROM Totals

==============================================================================

    Total RO  Size (Code + RO Data)                26616 (  25.99kB)
    Total RW  Size (RW Data + ZI Data)             40304 (  39.36kB)
    Total ROM Size (Code + RO Data + RW Data)      26852 (  26.22kB)

==============================================================================

